Archive member included because of file (symbol)

c:/Espressif/ESP8266_SDK/lib\libmain.a(debug-vector.o)
                              (_DebugExceptionVector)
c:/Espressif/ESP8266_SDK/lib\libmain.a(double-vector.o)
                              (_DoubleExceptionVector)
c:/Espressif/ESP8266_SDK/lib\libmain.a(kernel-vector.o)
                              (_KernelExceptionVector)
c:/Espressif/ESP8266_SDK/lib\libmain.a(nmi-vector.o)
                              (_NMIExceptionVector)
c:/Espressif/ESP8266_SDK/lib\libmain.a(user-vector.o)
                              (_UserExceptionVector)
c:/Espressif/ESP8266_SDK/lib\libmain.a(vector.o)
                              (call_user_start)
c:/Espressif/ESP8266_SDK/lib\libmain.a(app_main.o)
                              c:/Espressif/ESP8266_SDK/lib\libmain.a(nmi-vector.o) (NMI_Handler)
c:/Espressif/ESP8266_SDK/lib\libmain.a(ets_timer.o)
                              c:/Espressif/ESP8266_SDK/lib\libmain.a(app_main.o) (ets_timer_setfn)
c:/Espressif/ESP8266_SDK/lib\libmain.a(mem_manager.o)
                              c:/Espressif/ESP8266_SDK/lib\libmain.a(app_main.o) (pvPortMalloc)
c:/Espressif/ESP8266_SDK/lib\libmain.a(spi_flash.o)
                              c:/Espressif/ESP8266_SDK/lib\libmain.a(app_main.o) (spi_flash_read)
c:/Espressif/ESP8266_SDK/lib\libmain.a(user_interface.o)
                              c:/Espressif/ESP8266_SDK/lib\libmain.a(app_main.o) (done_cb)
c:/Espressif/ESP8266_SDK/lib\libmain.a(eagle_lib.o)
                              c:/Espressif/ESP8266_SDK/lib\libmain.a(user_interface.o) (ets_sprintf)
c:/Espressif/ESP8266_SDK/lib\libmain.a(eagle_lwip_if.o)
                              c:/Espressif/ESP8266_SDK/lib\libmain.a(user_interface.o) (hostname)
c:/tools/sming/Sming/compiler/lib/\libsming.a(user_main.o)
                              c:/Espressif/ESP8266_SDK/lib\libmain.a(app_main.o) (user_init)
c:/tools/sming/Sming/compiler/lib/\libsming.a(System.o)
                              c:/tools/sming/Sming/compiler/lib/\libsming.a(user_main.o) (SystemClass::initialize())
c:/tools/sming/Sming/compiler/lib/\libsming.a(esp_cplusplus.o)
                              c:/tools/sming/Sming/compiler/lib/\libsming.a(user_main.o) (cpp_core_initialize)
c:/tools/sming/Sming/compiler/lib/\libsming.a(m_printf.o)
                              c:/tools/sming/Sming/compiler/lib/\libsming.a(esp_cplusplus.o) (m_printf)
c:/tools/sming/Sming/compiler/lib/\libsming.a(stringconversion.o)
                              c:/tools/sming/Sming/compiler/lib/\libsming.a(m_printf.o) (ltoa_w)
c:/tools/sming/Sming/compiler/lib/\libsming.a(IPAddress.o)
                              c:/tools/sming/Sming/compiler/lib/\libsming.a(user_main.o) (IPAddress::IPAddress(unsigned char, unsigned char, unsigned char, unsigned char))
c:/tools/sming/Sming/compiler/lib/\libsming.a(Print.o)
                              c:/tools/sming/Sming/compiler/lib/\libsming.a(IPAddress.o) (Print::print(char))
c:/tools/sming/Sming/compiler/lib/\libsming.a(WString.o)
                              c:/tools/sming/Sming/compiler/lib/\libsming.a(IPAddress.o) (String::~String())
c:/tools/sming/Sming/compiler/lib/\libsming.a(Interrupts.o)
                              c:/tools/sming/Sming/compiler/lib/\libsming.a(System.o) (noInterrupts())
c:/tools/sming/Sming/compiler/lib/\libsming.a(Digital.o)
                              c:/tools/sming/Sming/compiler/lib/\libsming.a(Interrupts.o) (pinMode(unsigned short, unsigned char))
out/build/app_app.a(application.o)
                              c:/tools/sming/Sming/compiler/lib/\libsming.a(user_main.o) (init())
c:/tools/sming/Sming/compiler/lib/\libmicroc.a(isspace.o)
                              c:/tools/sming/Sming/compiler/lib/\libsming.a(WString.o) (isspace)
c:/tools/sming/Sming/compiler/lib/\libmicroc.a(tolower.o)
                              c:/tools/sming/Sming/compiler/lib/\libsming.a(WString.o) (tolower)
c:/tools/sming/Sming/compiler/lib/\libmicroc.a(toupper.o)
                              c:/tools/sming/Sming/compiler/lib/\libsming.a(WString.o) (toupper)
c:/tools/sming/Sming/compiler/lib/\libmicroc.a(atof.o)
                              c:/tools/sming/Sming/compiler/lib/\libsming.a(WString.o) (atof)
c:/tools/sming/Sming/compiler/lib/\libmicroc.a(atoi.o)
                              c:/tools/sming/Sming/compiler/lib/\libsming.a(WString.o) (atoi)
c:/tools/sming/Sming/compiler/lib/\libmicroc.a(strtod.o)
                              c:/tools/sming/Sming/compiler/lib/\libmicroc.a(atof.o) (strtod)
c:/tools/sming/Sming/compiler/lib/\libmicroc.a(__fpclassify.o)
                              c:/tools/sming/Sming/compiler/lib/\libsming.a(stringconversion.o) (__fpclassifyd)
c:/tools/sming/Sming/compiler/lib/\libmicroc.a(strchr.o)
                              c:/tools/sming/Sming/compiler/lib/\libsming.a(WString.o) (strchr)
c:/tools/sming/Sming/compiler/lib/\libmicroc.a(strrchr.o)
[...]
Memory Configuration

Name             Origin             Length             Attributes
dport0_0_seg     0x3ff00000         0x00000010
dram0_0_seg      0x3ffe8000         0x00014000
iram1_0_seg      0x40100000         0x00008000
irom0_0_seg      0x40209000         0x00042000
*default*        0x00000000         0xffffffff

Linker script and memory map

START GROUP
LOAD c:/tools/sming/Sming/compiler/lib/\libmicroc.a
LOAD c:/tools/sming/Sming/compiler/lib/\libmicrogcc.a
LOAD c:/espressif/xtensa-lx106-elf/bin/../lib/gcc/xtensa-lx106-elf/5.1.0/../../../../xtensa-lx106-elf/lib\libhal.a
LOAD c:/Espressif/ESP8266_SDK/lib\libphy.a
LOAD c:/Espressif/ESP8266_SDK/lib\libpp.a
LOAD c:/Espressif/ESP8266_SDK/lib\libnet80211.a
LOAD c:/Espressif/ESP8266_SDK/lib\liblwip.a
LOAD c:/Espressif/ESP8266_SDK/lib\libwpa.a
LOAD c:/Espressif/ESP8266_SDK/lib\libmain.a
LOAD c:/tools/sming/Sming/compiler/lib/\libsming.a
LOAD c:/Espressif/ESP8266_SDK/lib\libcrypto.a
LOAD c:/Espressif/ESP8266_SDK/lib\libpwm.a
LOAD c:/Espressif/ESP8266_SDK/lib\libsmartconfig.a
LOAD out/build/app_app.a
END GROUP
                0x40000000                PROVIDE (_memmap_vecbase_reset, 0x40000000)
                0x00000110                _memmap_cacheattr_wb_base = 0x110
                0x00000110                _memmap_cacheattr_wt_base = 0x110
                0x00000220                _memmap_cacheattr_bp_base = 0x220
                0xfffff00f                _memmap_cacheattr_unused_mask = 0xfffff00f
                0x2222211f                _memmap_cacheattr_wb_trapnull = 0x2222211f
                0x2222211f                _memmap_cacheattr_wba_trapnull = 0x2222211f
                0x2222211f                _memmap_cacheattr_wbna_trapnull = 0x2222211f
                0x2222211f                _memmap_cacheattr_wt_trapnull = 0x2222211f
                0x2222222f                _memmap_cacheattr_bp_trapnull = 0x2222222f
                0xfffff11f                _memmap_cacheattr_wb_strict = 0xfffff11f
                0xfffff11f                _memmap_cacheattr_wt_strict = 0xfffff11f
                0xfffff22f                _memmap_cacheattr_bp_strict = 0xfffff22f
                0x22222112                _memmap_cacheattr_wb_allvalid = 0x22222112
                0x22222112                _memmap_cacheattr_wt_allvalid = 0x22222112
                0x22222222                _memmap_cacheattr_bp_allvalid = 0x22222222
                0x2222211f                PROVIDE (_memmap_cacheattr_reset, _memmap_cacheattr_wb_trapnull)

.dport0.rodata  0x3ff00000        0x0
                0x3ff00000                _dport0_rodata_start = ABSOLUTE (.)
 *(.dport0.rodata)
 *(.dport.rodata)
                0x3ff00000                _dport0_rodata_end = ABSOLUTE (.)

.dport0.literal
                0x3ff00000        0x0
                0x3ff00000                _dport0_literal_start = ABSOLUTE (.)
 *(.dport0.literal)
 *(.dport.literal)
                0x3ff00000                _dport0_literal_end = ABSOLUTE (.)

.dport0.data    0x3ff00000        0x0
                0x3ff00000                _dport0_data_start = ABSOLUTE (.)
 *(.dport0.data)
 *(.dport.data)
                0x3ff00000                _dport0_data_end = ABSOLUTE (.)

.data           0x3ffe8000      0x374
                0x3ffe8000                _data_start = ABSOLUTE (.)
 *(.data)
 .data          0x3ffe8000        0x4 c:/Espressif/ESP8266_SDK/lib\libmain.a(nmi-vector.o)
                0x3ffe8000                _Pri_3_HandlerAddress
 .data          0x3ffe8004        0x1 c:/Espressif/ESP8266_SDK/lib\libmain.a(app_main.o)
 *fill*         0x3ffe8005        0x3 
 .data          0x3ffe8008        0x6 c:/Espressif/ESP8266_SDK/lib\libmain.a(user_interface.o)
                0x3ffe8009                timer2_ms_flag
                0x3ffe800a                dhcps_flag
                0x3ffe800b                dhcpc_flag
                0x3ffe800d                reconnect_internal
 *fill*         0x3ffe800e        0x2 
 .data          0x3ffe8010        0x1 c:/Espressif/ESP8266_SDK/lib\libmain.a(eagle_lwip_if.o)
                0x3ffe8010                default_hostname
 *fill*         0x3ffe8011        0xf 
 .data          0x3ffe8020       0x53 c:/Espressif/ESP8266_SDK/lib\libphy.a(phy_chip_v6.o)
                0x3ffe8022                tx_rf_ana_gain
                0x3ffe8050                rx_gain_swp
                0x3ffe8070                test_rffreq_txcap
 *fill*         0x3ffe8073        0x1 
 .data          0x3ffe8074        0x4 c:/Espressif/ESP8266_SDK/lib\libphy.a(phy_sleep.o)
                0x3ffe8074                chip_version
 .data          0x3ffe8078        0x1 c:/Espressif/ESP8266_SDK/lib\libpp.a(pm.o)
 *fill*         0x3ffe8079        0x3 
 .data          0x3ffe807c        0x1 c:/Espressif/ESP8266_SDK/lib\libpp.a(pm_for_bcn_only_mode.o)
 *fill*         0x3ffe807d        0x3 
 .data          0x3ffe8080       0x1c c:/Espressif/ESP8266_SDK/lib\libpp.a(pp.o)
                0x3ffe8080                soft_wdt_interval
                0x3ffe8084                NoiseTimerInterval
                0x3ffe808c                sleep_start_wait_time
                0x3ffe8094                CanDoFreqCal
                0x3ffe8098                tcb
 *fill*         0x3ffe809c        0x4 
 .data          0x3ffe80a0       0x40 c:/Espressif/ESP8266_SDK/lib\libpp.a(rate_control.o)
 .data          0x3ffe80e0      0x24c c:/Espressif/ESP8266_SDK/lib\libpp.a(trc.o)
 .data          0x3ffe832c        0x8 c:/Espressif/ESP8266_SDK/lib\libpp.a(wdev.o)
 .data          0x3ffe8334        0x1 c:/Espressif/ESP8266_SDK/lib\libnet80211.a(ieee80211_hostap.o)
                0x3ffe8334                TmpSTAAPCloseAP
 *fill*         0x3ffe8335        0x3 
 .data          0x3ffe8338        0x1 c:/Espressif/ESP8266_SDK/lib\libnet80211.a(wl_cnx.o)
 *fill*         0x3ffe8339        0x7 
 .data          0x3ffe8340       0x1c c:/Espressif/ESP8266_SDK/lib\libnet80211.a(ieee80211_action.o)
 .data          0x3ffe835c        0x4 c:/Espressif/ESP8266_SDK/lib\liblwip.a(dhcp.o)
 .data          0x3ffe8360        0x5 c:/Espressif/ESP8266_SDK/lib\liblwip.a(dhcpserver.o)
                0x3ffe8360                dhcps_lease_time
 *fill*         0x3ffe8365        0x3 
 .data          0x3ffe8368        0x8 c:/Espressif/ESP8266_SDK/lib\liblwip.a(tcp.o)
 *(.data.*)
 .data.cbc_printchar
                0x3ffe8370        0x4 c:/tools/sming/Sming/compiler/lib/\libsming.a(m_printf.o)
                0x3ffe8370                cbc_printchar
 *(.gnu.linkonce.d.*)
 *(.data1)
 *(.sdata)
 *(.sdata.*)
 *(.gnu.linkonce.s.*)
 *(.sdata2)
 *(.sdata2.*)
 *(.gnu.linkonce.s2.*)
 *(.jcr)
                0x3ffe8374                _data_end = ABSOLUTE (.)

.rodata         0x3ffe8378     0x1808
                0x3ffe8378                _rodata_start = ABSOLUTE (.)
 *(.sdk.version)
 .sdk.version   0x3ffe8378        0x6 c:/Espressif/ESP8266_SDK/lib\libmain.a(app_main.o)
                0x3ffe8378                SDK_VERSION
 *(.rodata)
 *fill*         0x3ffe837e        0x2 
 .rodata        0x3ffe8380        0x8 c:/Espressif/ESP8266_SDK/lib\libphy.a(phy_chip_v6.o)
 .rodata        0x3ffe8388        0x4 c:/Espressif/ESP8266_SDK/lib\libpp.a(pp.o)
 .rodata        0x3ffe838c        0x8 c:/Espressif/ESP8266_SDK/lib\libnet80211.a(ieee80211_hostap.o)
 .rodata        0x3ffe8394        0x9 c:/Espressif/ESP8266_SDK/lib\libnet80211.a(ieee80211_output.o)
 *fill*         0x3ffe839d        0x3 
 .rodata        0x3ffe83a0        0x6 c:/Espressif/ESP8266_SDK/lib\liblwip.a(etharp.o)
                0x3ffe83a0                ethbroadcast
 .rodata        0x3ffe83a6      0x10a c:/tools/sming/Sming/compiler/lib/\libmicroc.a(intscan.o)
 *(.rodata.*)
 .rodata.str1.4
                0x3ffe84b0        0xc c:/Espressif/ESP8266_SDK/lib\libmain.a(app_main.o)
 .rodata.str1.4
                0x3ffe84bc        0x4 c:/Espressif/ESP8266_SDK/lib\libmain.a(ets_timer.o)
                                  0xc (size before relaxing)
 .rodata.str1.4
                0x3ffe84c0       0x1a c:/Espressif/ESP8266_SDK/lib\libmain.a(mem_manager.o)
 *fill*         0x3ffe84da        0x2 
 .rodata._ZL14EspDigitalPins
                0x3ffe84dc       0xc0 c:/tools/sming/Sming/compiler/lib/\libsming.a(user_main.o)
 .rodata._ZTV6VectorI8DelegateIFvvEEE
                0x3ffe859c       0x1c c:/tools/sming/Sming/compiler/lib/\libsming.a(System.o)
                0x3ffe859c                vtable for Vector<Delegate<void ()> >
 .rodata._ZTV6VectorIP19ISystemReadyHandlerE
                0x3ffe85b8       0x1c c:/tools/sming/Sming/compiler/lib/\libsming.a(System.o)
                0x3ffe85b8                vtable for Vector<ISystemReadyHandler*>
 .rodata.str1.1
                0x3ffe85d4       0x21 c:/tools/sming/Sming/compiler/lib/\libsming.a(stringconversion.o)
 .rodata.str1.1
                0x3ffe85f5        0xf c:/tools/sming/Sming/compiler/lib/\libsming.a(IPAddress.o)
                                 0x10 (size before relaxing)
 .rodata._ZTV9IPAddress
                0x3ffe8604        0xc c:/tools/sming/Sming/compiler/lib/\libsming.a(IPAddress.o)
                0x3ffe8604                vtable for IPAddress
 .rodata.str1.1
                0x3ffe8610        0xa c:/tools/sming/Sming/compiler/lib/\libsming.a(Print.o)
                                  0xe (size before relaxing)
 .rodata.str1.1
                0x00000000        0x1 c:/tools/sming/Sming/compiler/lib/\libsming.a(WString.o)
 .rodata.CSWTCH$10
                0x3ffe861a       0x21 c:/tools/sming/Sming/compiler/lib/\libsming.a(Interrupts.o)
 .rodata.str1.1
                0x3ffe863b       0x23 c:/tools/sming/Sming/compiler/lib/\libsming.a(Digital.o)
 *fill*         0x3ffe865e        0x2 
 .rodata._ZL14EspDigitalPins
                0x3ffe8660       0xc0 c:/tools/sming/Sming/compiler/lib/\libsming.a(Digital.o)
 .rodata.str1.1
                0x3ffe8720      0x26a out/build/app_app.a(application.o)
                                0x26d (size before relaxing)
 *fill*         0x3ffe898a        0x2 
 .rodata._ZTVN11ArduinoJson9Internals20DynamicStringBuilderE
                0x3ffe898c       0x10 out/build/app_app.a(application.o)
                0x3ffe898c                vtable for ArduinoJson::Internals::DynamicStringBuilder
 .rodata._ZTVN11ArduinoJson9Internals15BlockJsonBufferINS0_16DefaultAllocatorEEE
                0x3ffe899c        0xc out/build/app_app.a(application.o)
                0x3ffe899c                vtable for ArduinoJson::Internals::BlockJsonBuffer<ArduinoJson::Internals::DefaultAllocator>
 .rodata._ZTV7Catraca
                0x3ffe89a8       0x10 out/build/app_app.a(application.o)
                0x3ffe89a8                vtable for Catraca
 .rodata._ZTV14FunctionCallerIPFvvEvJEE
                0x3ffe89b8       0x14 out/build/app_app.a(application.o)
                0x3ffe89b8                vtable for FunctionCaller<void (*)(), void>
 .rodata._ZTV14FunctionCallerIPFvR9TcpClientbEvJS1_bEE
                0x3ffe89cc       0x14 out/build/app_app.a(application.o)
                0x3ffe89cc                vtable for FunctionCaller<void (*)(TcpClient&, bool), void, TcpClient&, bool>
 .rodata._ZTV14FunctionCallerIPFbR9TcpClientPciEbJS1_S2_iEE
                0x3ffe89e0       0x14 out/build/app_app.a(application.o)
                0x3ffe89e0                vtable for FunctionCaller<bool (*)(TcpClient&, char*, int), bool, TcpClient&, char*, int>
 .rodata._ZTV14FunctionCallerIPFvP9TcpClientEvJS1_EE
                0x3ffe89f4       0x14 out/build/app_app.a(application.o)
                0x3ffe89f4                vtable for FunctionCaller<void (*)(TcpClient*), void, TcpClient*>
 .rodata.str1.1
                0x3ffe8a08        0xc c:/tools/sming/Sming/compiler/lib/\libmicroc.a(abort.o)
 .rodata.str1.4
                0x3ffe8a14        0x4 c:/Espressif/ESP8266_SDK/lib\libpp.a(lmac.o)
                                  0xc (size before relaxing)
 .rodata.str1.4
                0x3ffe8a18        0x4 c:/Espressif/ESP8266_SDK/lib\libpp.a(pm_for_bcn_only_mode.o)
                                  0xc (size before relaxing)
 .rodata.str1.4
                0x3ffe8a1c        0x8 c:/Espressif/ESP8266_SDK/lib\libpp.a(pp.o)
                                 0x10 (size before relaxing)
 .rodata.str1.4
                0x3ffe8a24        0x4 c:/Espressif/ESP8266_SDK/lib\libpp.a(wdev.o)
                                  0xc (size before relaxing)
 .rodata.str1.4
                0x3ffe8a28        0x3 c:/Espressif/ESP8266_SDK/lib\libnet80211.a(ieee80211_hostap.o)
                                  0x8 (size before relaxing)
 *fill*         0x3ffe8a2b        0x1 
 .rodata.str1.4
                0x3ffe8a2c        0x7 c:/Espressif/ESP8266_SDK/lib\libnet80211.a(ieee80211_mesh_quick.o)
 .rodata.str1.4
                0x00000000        0x4 c:/Espressif/ESP8266_SDK/lib\libnet80211.a(ieee80211_sta.o)
 .rodata.str1.4
                0x00000000        0x4 c:/Espressif/ESP8266_SDK/lib\libnet80211.a(ieee80211_action_vendor.o)
 .rodata.str1.4
                0x00000000        0x4 c:/Espressif/ESP8266_SDK/lib\libnet80211.a(ieee80211_ie_vendor.o)
 .rodata.str1.4
                0x00000000        0x7 c:/Espressif/ESP8266_SDK/lib\liblwip.a(espconn_tcp.o)
                                  0x1 (size before relaxing)
 *fill*         0x3ffe8a33        0x1 
 .rodata.str1.4
                0x3ffe8a34       0x10 c:/Espressif/ESP8266_SDK/lib\libwpa.a(wpa_debug.o)
                                  0xd (size before relaxing)
 .rodata.str1.1
                0x3ffe8a44      0x155 c:/tools/sming/Sming/compiler/lib/\libsming.a(Debug.o)
                                0x15c (size before relaxing)
 *fill*         0x3ffe8b99        0x3 
 .rodata._ZTV10DebugClass
                0x3ffe8b9c       0x18 c:/tools/sming/Sming/compiler/lib/\libsming.a(Debug.o)
                0x3ffe8b9c                vtable for DebugClass
 .rodata._ZTV6VectorI6StringE
                0x3ffe8bb4       0x1c c:/tools/sming/Sming/compiler/lib/\libsming.a(Debug.o)
                0x3ffe8bb4                vtable for Vector<String>
 .rodata._ZTV12MethodCallerIM10DebugClassFv6StringP13CommandOutputEE
                0x3ffe8bd0       0x14 c:/tools/sming/Sming/compiler/lib/\libsming.a(Debug.o)
                0x3ffe8bd0                vtable for MethodCaller<void (DebugClass::*)(String, CommandOutput*)>
 .rodata.str1.1
                0x00000000      0x155 c:/tools/sming/Sming/compiler/lib/\libsming.a(HardwareSerial.o)
                                  0x4 (size before relaxing)
 .rodata._ZTV14HardwareSerial
                0x3ffe8be4       0x20 c:/tools/sming/Sming/compiler/lib/\libsming.a(HardwareSerial.o)
                0x3ffe8be4                vtable for HardwareSerial
 .rodata.str1.1
                0x3ffe8c04       0x1e c:/tools/sming/Sming/compiler/lib/\libsming.a(TcpClient.o)
 *fill*         0x3ffe8c22        0x2 
 .rodata._ZTV9TcpClient
                0x3ffe8c24       0x3c c:/tools/sming/Sming/compiler/lib/\libsming.a(TcpClient.o)
                0x3ffe8c24                vtable for TcpClient
 .rodata.str1.1
                0x3ffe8c60      0x203 c:/tools/sming/Sming/compiler/lib/\libsming.a(TcpConnection.o)
                                0x220 (size before relaxing)
 *fill*         0x3ffe8e63        0x1 
 .rodata._ZTV13TcpConnection
                0x3ffe8e64       0x38 c:/tools/sming/Sming/compiler/lib/\libsming.a(TcpConnection.o)
                0x3ffe8e64                vtable for TcpConnection
 .rodata.str1.1
                0x3ffe8e9c      0x13e c:/tools/sming/Sming/compiler/lib/\libsming.a(TcpServer.o)
 *fill*         0x3ffe8fda        0x2 
 .rodata._ZTV9TcpServer
                0x3ffe8fdc       0x50 c:/tools/sming/Sming/compiler/lib/\libsming.a(TcpServer.o)
                0x3ffe8fdc                vtable for TcpServer
 .rodata._ZTV12MethodCallerIM9TcpServerFbR9TcpClientPciEE
                0x3ffe902c       0x14 c:/tools/sming/Sming/compiler/lib/\libsming.a(TcpServer.o)
                0x3ffe902c                vtable for MethodCaller<bool (TcpServer::*)(TcpClient&, char*, int)>
 .rodata._ZTV12MethodCallerIM9TcpServerFvR9TcpClientbEE
                0x3ffe9040       0x14 c:/tools/sming/Sming/compiler/lib/\libsming.a(TcpServer.o)
                0x3ffe9040                vtable for MethodCaller<void (TcpServer::*)(TcpClient&, bool)>
 .rodata.str1.1
                0x3ffe9054       0xf0 c:/tools/sming/Sming/compiler/lib/\libsming.a(AccessPoint.o)
                                 0xf1 (size before relaxing)
 .rodata._ZTV16AccessPointClass
                0x3ffe9144       0x14 c:/tools/sming/Sming/compiler/lib/\libsming.a(AccessPoint.o)
                0x3ffe9144                vtable for AccessPointClass
 .rodata.str1.1
                0x3ffe9158      0x24d c:/tools/sming/Sming/compiler/lib/\libsming.a(Station.o)
                                0x283 (size before relaxing)
 *fill*         0x3ffe93a5        0x3 
 .rodata._ZTV12StationClass
                0x3ffe93a8       0x14 c:/tools/sming/Sming/compiler/lib/\libsming.a(Station.o)
                0x3ffe93a8                vtable for StationClass
 .rodata._ZTV6VectorI7BssInfoE
                0x3ffe93bc       0x1c c:/tools/sming/Sming/compiler/lib/\libsming.a(Station.o)
                0x3ffe93bc                vtable for Vector<BssInfo>
 .rodata._ZTV8WDTClass
                0x3ffe93d8       0x14 c:/tools/sming/Sming/compiler/lib/\libsming.a(WDT.o)
                0x3ffe93d8                vtable for WDTClass
 .rodata.str1.1
                0x3ffe93ec       0x10 c:/tools/sming/Sming/compiler/lib/\libsming.a(ArduinoJson.o)
                                 0x11 (size before relaxing)
 .rodata._ZN11ArduinoJson9Internals8Encoding12_escapeTableE
                0x3ffe93fc        0xf c:/tools/sming/Sming/compiler/lib/\libsming.a(ArduinoJson.o)
                0x3ffe93fc                ArduinoJson::Internals::Encoding::_escapeTable
 .rodata.str1.1
                0x00000000        0x1 c:/tools/sming/Sming/compiler/lib/\libsming.a(CommandDelegate.o)
 .rodata.str1.1
                0x3ffe940b       0xf7 c:/tools/sming/Sming/compiler/lib/\libsming.a(CommandExecutor.o)
                                 0xf8 (size before relaxing)
 .rodata.str1.1
                0x3ffe9502      0x3b3 c:/tools/sming/Sming/compiler/lib/\libsming.a(CommandHandler.o)
                                0x3bb (size before relaxing)
 *fill*         0x3ffe98b5        0x3 
 .rodata._ZTV12MethodCallerIM14CommandHandlerFv6StringP13CommandOutputEE
                0x3ffe98b8       0x14 c:/tools/sming/Sming/compiler/lib/\libsming.a(CommandHandler.o)
                0x3ffe98b8                vtable for MethodCaller<void (CommandHandler::*)(String, CommandOutput*)>
 .rodata.str1.1
                0x3ffe98cc        0xb c:/tools/sming/Sming/compiler/lib/\libsming.a(CommandOutput.o)
                                  0xc (size before relaxing)
 *fill*         0x3ffe98d7        0x1 
 .rodata._ZTV13CommandOutput
                0x3ffe98d8       0x18 c:/tools/sming/Sming/compiler/lib/\libsming.a(CommandOutput.o)
                0x3ffe98d8                vtable for CommandOutput
 .rodata.str1.1
                0x3ffe98f0      0x138 c:/tools/sming/Sming/compiler/lib/\libsming.a(DataSourceStream.o)
                                0x139 (size before relaxing)
 .rodata._ZTV16MemoryDataStream
                0x3ffe9a28       0x48 c:/tools/sming/Sming/compiler/lib/\libsming.a(DataSourceStream.o)
                0x3ffe9a28                vtable for MemoryDataStream
 .rodata.str1.1
                0x3ffe9a70       0x13 c:/tools/sming/Sming/compiler/lib/\libsming.a(RTC.o)
 .rodata.str1.1
                0x3ffe9a83       0x4c c:/tools/sming/Sming/compiler/lib/\libsming.a(DateTime.o)
                                 0x58 (size before relaxing)
 .rodata._ZL9monthDays
                0x3ffe9acf        0xc c:/tools/sming/Sming/compiler/lib/\libsming.a(DateTime.o)
 *(.gnu.linkonce.r.*)
 *(.rodata1)
                0x3ffe9adb                __XT_EXCEPTION_TABLE__ = ABSOLUTE (.)
 *(.xt_except_table)
 *(.gcc_except_table)
 *(.gnu.linkonce.e.*)
 *(.gnu.version_r)
 *(.eh_frame)
                0x3ffe9adc                . = ((. + 0x3) & 0xfffffffc)
 *fill*         0x3ffe9adb        0x1 
                0x3ffe9adc                __dso_handle = ABSOLUTE (.)
                0x3ffe9adc                __init_array_start = ABSOLUTE (.)
 *crtbegin.o(.ctors)
 *(EXCLUDE_FILE(*crtend.o) .ctors)
 .ctors         0x3ffe9adc        0x4 c:/tools/sming/Sming/compiler/lib/\libsming.a(user_main.o)
 .ctors         0x3ffe9ae0        0x4 c:/tools/sming/Sming/compiler/lib/\libsming.a(System.o)
 .ctors         0x3ffe9ae4        0x4 c:/tools/sming/Sming/compiler/lib/\libsming.a(m_printf.o)
 .ctors         0x3ffe9ae8        0x4 c:/tools/sming/Sming/compiler/lib/\libsming.a(IPAddress.o)
 .ctors         0x3ffe9aec        0x4 c:/tools/sming/Sming/compiler/lib/\libsming.a(Print.o)
 .ctors         0x3ffe9af0        0x4 c:/tools/sming/Sming/compiler/lib/\libsming.a(WString.o)
 .ctors         0x3ffe9af4        0x4 c:/tools/sming/Sming/compiler/lib/\libsming.a(Interrupts.o)
 .ctors         0x3ffe9af8        0x4 c:/tools/sming/Sming/compiler/lib/\libsming.a(Digital.o)
 .ctors         0x3ffe9afc        0x4 out/build/app_app.a(application.o)
 .ctors         0x3ffe9b00        0x4 c:/tools/sming/Sming/compiler/lib/\libsming.a(Clock.o)
 .ctors         0x3ffe9b04        0x4 c:/tools/sming/Sming/compiler/lib/\libsming.a(Debug.o)
 .ctors         0x3ffe9b08        0x4 c:/tools/sming/Sming/compiler/lib/\libsming.a(HardwareSerial.o)
 .ctors         0x3ffe9b0c        0x4 c:/tools/sming/Sming/compiler/lib/\libsming.a(TcpClient.o)
 .ctors         0x3ffe9b10        0x4 c:/tools/sming/Sming/compiler/lib/\libsming.a(TcpConnection.o)
 .ctors         0x3ffe9b14        0x4 c:/tools/sming/Sming/compiler/lib/\libsming.a(TcpServer.o)
 .ctors         0x3ffe9b18        0x4 c:/tools/sming/Sming/compiler/lib/\libsming.a(AccessPoint.o)
 .ctors         0x3ffe9b1c        0x4 c:/tools/sming/Sming/compiler/lib/\libsming.a(Station.o)
 .ctors         0x3ffe9b20        0x4 c:/tools/sming/Sming/compiler/lib/\libsming.a(WDT.o)
 .ctors         0x3ffe9b24        0x4 c:/tools/sming/Sming/compiler/lib/\libsming.a(ArduinoJson.o)
 .ctors         0x3ffe9b28        0x4 c:/tools/sming/Sming/compiler/lib/\libsming.a(CommandDelegate.o)
 .ctors         0x3ffe9b2c        0x4 c:/tools/sming/Sming/compiler/lib/\libsming.a(CommandExecutor.o)
 .ctors         0x3ffe9b30        0x4 c:/tools/sming/Sming/compiler/lib/\libsming.a(CommandHandler.o)
 .ctors         0x3ffe9b34        0x4 c:/tools/sming/Sming/compiler/lib/\libsming.a(CommandOutput.o)
 .ctors         0x3ffe9b38        0x4 c:/tools/sming/Sming/compiler/lib/\libsming.a(DataSourceStream.o)
 .ctors         0x3ffe9b3c        0x4 c:/tools/sming/Sming/compiler/lib/\libsming.a(SystemClock.o)
 .ctors         0x3ffe9b40        0x4 c:/tools/sming/Sming/compiler/lib/\libsming.a(WebSocket.o)
 .ctors         0x3ffe9b44        0x4 c:/tools/sming/Sming/compiler/lib/\libsming.a(RTC.o)
 .ctors         0x3ffe9b48        0x4 c:/tools/sming/Sming/compiler/lib/\libsming.a(DateTime.o)
 .ctors         0x3ffe9b4c        0x4 c:/tools/sming/Sming/compiler/lib/\libsming.a(HttpRequest.o)
 .ctors         0x3ffe9b50        0x4 c:/tools/sming/Sming/compiler/lib/\libsming.a(HttpResponse.o)
 .ctors         0x3ffe9b54        0x4 c:/tools/sming/Sming/compiler/lib/\libsming.a(HttpServer.o)
 .ctors         0x3ffe9b58        0x4 c:/tools/sming/Sming/compiler/lib/\libsming.a(HttpServerConnection.o)
 *(SORT(.ctors.*))
 *(.ctors)
                0x3ffe9b5c                __init_array_end = ABSOLUTE (.)
 *crtbegin.o(.dtors)
 *(EXCLUDE_FILE(*crtend.o) .dtors)
 .dtors         0x3ffe9b5c        0x4 c:/tools/sming/Sming/compiler/lib/\libsming.a(System.o)
 .dtors         0x3ffe9b60        0x4 c:/tools/sming/Sming/compiler/lib/\libsming.a(Interrupts.o)
 .dtors         0x3ffe9b64        0x4 out/build/app_app.a(application.o)
 .dtors         0x3ffe9b68        0x4 c:/tools/sming/Sming/compiler/lib/\libsming.a(Debug.o)
 .dtors         0x3ffe9b6c        0x4 c:/tools/sming/Sming/compiler/lib/\libsming.a(HardwareSerial.o)
 .dtors         0x3ffe9b70        0x4 c:/tools/sming/Sming/compiler/lib/\libsming.a(Station.o)
 .dtors         0x3ffe9b74        0x4 c:/tools/sming/Sming/compiler/lib/\libsming.a(CommandHandler.o)
 *(SORT(.dtors.*))
 *(.dtors)
                0x3ffe9b78                __XT_EXCEPTION_DESCS__ = ABSOLUTE (.)
 *(.xt_except_desc)
 *(.gnu.linkonce.h.*)
                0x3ffe9b78                __XT_EXCEPTION_DESCS_END__ = ABSOLUTE (.)
 *(.xt_except_desc_end)
 *(.dynamic)
 *(.gnu.version_d)
                0x3ffe9b78                . = ALIGN (0x4)
                0x3ffe9b78                _bss_table_start = ABSOLUTE (.)
                0x3ffe9b78        0x4 LONG 0x3ffe9b80 _bss_start
                0x3ffe9b7c        0x4 LONG 0x3fff0188 _bss_end
                0x3ffe9b80                _bss_table_end = ABSOLUTE (.)
                0x3ffe9b80                _rodata_end = ABSOLUTE (.)

.bss            0x3ffe9b80     0x6608
                0x3ffe9b80                . = ALIGN (0x8)
                0x3ffe9b80                _bss_start = ABSOLUTE (.)
 *(.dynsbss)
 *(.sbss)
 *(.sbss.*)
 *(.gnu.linkonce.sb.*)
 *(.scommon)
 *(.sbss2)
 *(.sbss2.*)
 *(.gnu.linkonce.sb2.*)
 *(.dynbss)
 *(.bss)
 .bss           0x3ffe9b80      0x1c0 c:/Espressif/ESP8266_SDK/lib\libmain.a(nmi-vector.o)
 .bss           0x3ffe9d40       0x41 c:/Espressif/ESP8266_SDK/lib\libmain.a(app_main.o)
                0x3ffe9d44                info
                0x3ffe9d68                lwip_timer_interval
                0x3ffe9d6c                check_timeouts_timer
                0x3ffe9d80                user_init_flag
 *fill*         0x3ffe9d81        0xf 
 .bss           0x3ffe9d90       0x30 c:/Espressif/ESP8266_SDK/lib\libmain.a(ets_timer.o)
                0x3ffe9d90                timer_list
                0x3ffe9d94                debug_timer
                0x3ffe9d98                debug_timerfn
 .bss           0x3ffe9dc0       0x3c c:/Espressif/ESP8266_SDK/lib\libmain.a(mem_manager.o)
 .bss           0x3ffe9dfc        0x4 c:/Espressif/ESP8266_SDK/lib\libmain.a(spi_flash.o)
                0x3ffe9dfc                flash_read
 .bss           0x3ffe9e00      0x242 c:/Espressif/ESP8266_SDK/lib\libmain.a(user_interface.o)
                0x3ffe9ef7                deep_sleep_flag
                0x3ffe9ef8                cpu_overclock
                0x3ffe9efc                event_cb
                0x3ffe9f00                status_led_output_level
                0x3ffe9f04                done_cb
                0x3ffe9f08                rst_if
                0x3ffe9f24                default_interface
                0x3ffe9f25                OpmodChgIsOnGoing
                0x3ffe9f28                promiscuous_cb
                0x3ffe9f40                event_TaskQueue
 *fill*         0x3ffea042        0x2 
 .bss           0x3ffea044        0xc c:/Espressif/ESP8266_SDK/lib\libmain.a(eagle_lwip_if.o)
                0x3ffea044                hostname
 .bss           0x3ffea050        0x4 c:/tools/sming/Sming/compiler/lib/\libmicroc.a(__errno_location.o)
 .bss           0x3ffea054        0x4 c:/Espressif/ESP8266_SDK/lib\libphy.a(phy.o)
 .bss           0x3ffea058        0x2 c:/Espressif/ESP8266_SDK/lib\libphy.a(phy_chip_v6_ana.o)
                0x3ffea058                tout_dis_txpwr_track
                0x3ffea059                sleep_mode_flag
 *fill*         0x3ffea05a        0x6 
 .bss           0x3ffea060      0x160 c:/Espressif/ESP8266_SDK/lib\libphy.a(phy_chip_v6.o)
                0x3ffea060                g_phyFuns
                0x3ffea064                rxiq_compute_num
                0x3ffea068                rx_table_renew_en
                0x3ffea06c                check_result
                0x3ffea070                chip6_sleep_params
                0x3ffea104                chip6_phy_init_ctrl
                0x3ffea178                phy_freq_offset
                0x3ffea17a                do_pwctrl_flag
                0x3ffea17b                pwctrl_debug
                0x3ffea17c                txbk_dpdby_flag
                0x3ffea17e                sw_scan_mode
                0x3ffea17f                rxmax_ext_level
                0x3ffea180                phy_rx_gain_dc_table
                0x3ffea194                periodic_cal_dc_num
                0x3ffea198                periodic_cal_flag
                0x3ffea199                bbpll_cal_flag
                0x3ffea19a                phy_in_most_power
                0x3ffea19b                init_rf_no_cal
                0x3ffea19c                test_print_time
                0x3ffea1a0                phy_rx_gain_dc_flag
                0x3ffea1a1                phy_in_vdd33_offset
                0x3ffea1a2                phy_set_most_tpw_disbg
                0x3ffea1a3                phy_set_most_tpw_index
                0x3ffea1a4                adc_rand_noise
                0x3ffea1a8                dpd_bypass_original
                0x3ffea1b0                noise_array
 .bss           0x3ffea1c0        0x8 c:/Espressif/ESP8266_SDK/lib\libphy.a(phy_chip_v6_cal.o)
                0x3ffea1c0                phy_tx_power_out
                0x3ffea1c2                loop_pwctrl_pwdet_error_accum_high_power
                0x3ffea1c4                tx_pwctrl_pk_num
                0x3ffea1c5                tx_pwctrl_track_num
                0x3ffea1c6                loop_pwctrl_correct_atten_high_power
                0x3ffea1c7                rxiq_cover_fail_num
 .bss           0x3ffea1c8        0x7 c:/Espressif/ESP8266_SDK/lib\libphy.a(phy_sleep.o)
                0x3ffea1c8                periodic_cal_sat
                0x3ffea1ca                lslp_mem_opt_8266
                0x3ffea1cc                software_slp_reject
                0x3ffea1cd                SDIO_slp_reject
                0x3ffea1ce                hardware_reject
 *fill*         0x3ffea1cf        0x1 
 .bss           0x3ffea1d0       0x40 c:/Espressif/ESP8266_SDK/lib\libpp.a(if_hwctrl.o)
                0x3ffea1d0                interface_mask
                0x3ffea1f0                if_ctrl
 .bss           0x3ffea210      0x150 c:/Espressif/ESP8266_SDK/lib\libpp.a(lmac.o)
                0x3ffea214                lmacConfMib
 .bss           0x3ffea360      0x11a c:/Espressif/ESP8266_SDK/lib\libpp.a(pm.o)
                0x3ffea360                pmc
                0x3ffea440                flash_tmp
 *fill*         0x3ffea47a        0x2 
 .bss           0x3ffea47c       0x34 c:/Espressif/ESP8266_SDK/lib\libpp.a(pm_for_bcn_only_mode.o)
 .bss           0x3ffea4b0      0x322 c:/Espressif/ESP8266_SDK/lib\libpp.a(pp.o)
                0x3ffea4c8                pend_flag_noise_check
                0x3ffea4d0                pend_flag_periodic_cal
                0x3ffea4e8                idle_timer_reopen_flag
                0x3ffea4ea                dbg_stop_sw_wdt
                0x3ffea4eb                dbg_stop_hw_wdt
                0x3ffea4ed                total_buffed_eb_num
                0x3ffea4f0                HighestFreqOffsetInOneChk
                0x3ffea4f2                LowestFreqOffsetInOneChk
                0x3ffea4f4                DefFreqCalTimer
                0x3ffea508                PktNumInOneChk
                0x3ffea690                buffed_eb_arr
 *fill*         0x3ffea7d2        0xe 
 .bss           0x3ffea7e0      0x100 c:/Espressif/ESP8266_SDK/lib\libpp.a(rate_control.o)
 .bss           0x3ffea8e0      0x46c c:/Espressif/ESP8266_SDK/lib\libpp.a(trc.o)
 *fill*         0x3ffead4c        0x4 
 .bss           0x3ffead50     0x2f88 c:/Espressif/ESP8266_SDK/lib\libpp.a(wdev.o)
                0x3ffead50                wDevCtrl
                0x3ffeaef8                WdevTimOffSet
 *fill*         0x3ffedcd8        0x8 
 .bss           0x3ffedce0      0xac4 c:/Espressif/ESP8266_SDK/lib\libpp.a(esf_buf.o)
 .bss           0x3ffee7a4      0x67c c:/Espressif/ESP8266_SDK/lib\libnet80211.a(ieee80211.o)
                0x3ffee7a4                g_ic
 .bss           0x3ffeee20       0x56 c:/Espressif/ESP8266_SDK/lib\libnet80211.a(ieee80211_hostap.o)
                0x3ffeee20                BcnEb_update
                0x3ffeee2d                BcnWithMcastSendStart
                0x3ffeee2e                BcnWithMcastSendCnt
                0x3ffeee48                PendFreeBcnEb
                0x3ffeee4c                ApFreqCalTimer
                0x3ffeee60                APRecvBcnStartTick
 *fill*         0x3ffeee76        0x2 
 .bss           0x3ffeee78       0xc8 c:/Espressif/ESP8266_SDK/lib\libnet80211.a(ieee80211_scan.o)
                0x3ffeee78                gScanStruct
                0x3ffeef24                connect_scan_flag
                0x3ffeef25                FreqCalCntForScan
                0x3ffeef26                TestStaFreqCalValInput
                0x3ffeef28                auth_type
                0x3ffeef2a                scannum
 .bss           0x3ffeef40       0x10 c:/Espressif/ESP8266_SDK/lib\libnet80211.a(ieee80211_sta.o)
 .bss           0x3ffeef50       0x3c c:/Espressif/ESP8266_SDK/lib\libnet80211.a(wl_chm.o)
 *fill*         0x3ffeef8c        0x4 
 .bss           0x3ffeef90      0x37a c:/Espressif/ESP8266_SDK/lib\libnet80211.a(wl_cnx.o)
                0x3ffef2f0                sta_con_timer
                0x3ffef304                g_cnx_probe_rc_list_cb
                0x3ffef308                reconnect_flag
                0x3ffef309                no_ap_found_index
 *fill*         0x3ffef30a        0x2 
 .bss           0x3ffef30c       0x10 c:/Espressif/ESP8266_SDK/lib\libnet80211.a(ieee80211_action_vendor.o)
 *fill*         0x3ffef31c        0x4 
 .bss           0x3ffef320       0x38 c:/Espressif/ESP8266_SDK/lib\liblwip.a(dhcp.o)
                0x3ffef320                dhcp_rx_options_given
                0x3ffef330                dhcp_rx_options_val
 .bss           0x3ffef358       0x28 c:/Espressif/ESP8266_SDK/lib\liblwip.a(dhcpserver.o)
 .bss           0x3ffef380      0x480 c:/Espressif/ESP8266_SDK/lib\liblwip.a(dns.o)
 .bss           0x3ffef800       0x78 c:/Espressif/ESP8266_SDK/lib\liblwip.a(espconn_tcp.o)
                0x3ffef800                espconn_TaskQueue
 *fill*         0x3ffef878        0x8 
 .bss           0x3ffef880      0x100 c:/Espressif/ESP8266_SDK/lib\liblwip.a(etharp.o)
                0x3ffef884                ethzero
 .bss           0x3ffef980       0x10 c:/Espressif/ESP8266_SDK/lib\liblwip.a(ip_addr.o)
 .bss           0x3ffef990       0x12 c:/Espressif/ESP8266_SDK/lib\liblwip.a(ip.o)
                0x3ffef990                current_iphdr_dest
                0x3ffef994                current_iphdr_src
                0x3ffef998                current_netif
                0x3ffef99c                current_header
 *fill*         0x3ffef9a2        0x2 
 .bss           0x3ffef9a4        0x9 c:/Espressif/ESP8266_SDK/lib\liblwip.a(netif.o)
                0x3ffef9a4                netif_list
                0x3ffef9a8                netif_default
 *fill*         0x3ffef9ad        0x3 
 .bss           0x3ffef9b0        0x4 c:/Espressif/ESP8266_SDK/lib\liblwip.a(raw.o)
 .bss           0x3ffef9b4       0x34 c:/Espressif/ESP8266_SDK/lib\liblwip.a(tcp_in.o)
                0x3ffef9e4                tcp_input_pcb
 .bss           0x3ffef9e8       0x1c c:/Espressif/ESP8266_SDK/lib\liblwip.a(tcp.o)
                0x3ffef9ec                tcp_active_pcbs
                0x3ffef9f0                tcp_tmp_pcb
                0x3ffef9f4                tcp_tw_pcbs
                0x3ffef9f8                tcp_bound_pcbs
                0x3ffef9fc                tcp_listen_pcbs
                0x3ffefa00                tcp_ticks
 .bss           0x3ffefa04        0xc c:/Espressif/ESP8266_SDK/lib\liblwip.a(timers.o)
 .bss           0x3ffefa10        0x4 c:/Espressif/ESP8266_SDK/lib\liblwip.a(udp.o)
                0x3ffefa10                udp_pcbs
 *fill*         0x3ffefa14        0xc 
 .bss           0x3ffefa20      0x104 c:/Espressif/ESP8266_SDK/lib\liblwip.a(espconn.o)
                0x3ffefa20                plink_active
                0x3ffefa24                pserver_list
                0x3ffefa30                premot
                0x3ffefaf0                pktinfo
 .bss           0x3ffefb24        0xc c:/Espressif/ESP8266_SDK/lib\liblwip.a(igmp.o)
 .bss           0x3ffefb30      0x26a c:/Espressif/ESP8266_SDK/lib\libwpa.a(wpa.o)
 *fill*         0x3ffefd9a        0x6 
 .bss           0x3ffefda0        0x8 c:/Espressif/ESP8266_SDK/lib\libnet80211.a(ieee80211_crypto_tkip.o)
 *(.bss.*)
 .bss._ZL5ESP01
                0x3ffefda8       0x30 c:/tools/sming/Sming/compiler/lib/\libsming.a(user_main.o)
 .bss._ZL11INADDR_NONE
                0x3ffefdd8        0x8 c:/tools/sming/Sming/compiler/lib/\libsming.a(user_main.o)
 .bss.System    0x3ffefde0       0x2c c:/tools/sming/Sming/compiler/lib/\libsming.a(System.o)
                0x3ffefde0                System
 .bss._ZL5ESP01
                0x3ffefe0c       0x30 c:/tools/sming/Sming/compiler/lib/\libsming.a(m_printf.o)
 .bss._ZL11INADDR_NONE
                0x3ffefe3c        0x8 c:/tools/sming/Sming/compiler/lib/\libsming.a(m_printf.o)
 .bss._ZL5ESP01
                0x3ffefe44       0x30 c:/tools/sming/Sming/compiler/lib/\libsming.a(IPAddress.o)
 .bss._ZL11INADDR_NONE
                0x3ffefe74        0x8 c:/tools/sming/Sming/compiler/lib/\libsming.a(Print.o)
 .bss._ZZN6StringixEjE19dummy_writable_char
                0x3ffefe7c        0x1 c:/tools/sming/Sming/compiler/lib/\libsming.a(WString.o)
 *fill*         0x3ffefe7d        0x3 
 .bss._ZL11INADDR_NONE
                0x3ffefe80        0x8 c:/tools/sming/Sming/compiler/lib/\libsming.a(WString.o)
 .bss._gpioInterruptsInitialied
                0x3ffefe88        0x1 c:/tools/sming/Sming/compiler/lib/\libsming.a(Interrupts.o)
                0x3ffefe88                _gpioInterruptsInitialied
 *fill*         0x3ffefe89        0x3 
 .bss._delegateFunctionList
                0x3ffefe8c       0x40 c:/tools/sming/Sming/compiler/lib/\libsming.a(Interrupts.o)
                0x3ffefe8c                _delegateFunctionList
 .bss._gpioInterruptsList
                0x3ffefecc       0x40 c:/tools/sming/Sming/compiler/lib/\libsming.a(Interrupts.o)
                0x3ffefecc                _gpioInterruptsList
 .bss._ZL11INADDR_NONE
                0x3ffeff0c        0x8 c:/tools/sming/Sming/compiler/lib/\libsming.a(Interrupts.o)
 .bss._ZL11INADDR_NONE
                0x3ffeff14        0x8 c:/tools/sming/Sming/compiler/lib/\libsming.a(Digital.o)
 .bss.tcpServer
                0x3ffeff1c       0x20 out/build/app_app.a(application.o)
                0x3ffeff1c                tcpServer
 .bss.wifiHandler
                0x3ffeff3c        0x4 out/build/app_app.a(application.o)
                0x3ffeff3c                wifiHandler
 .bss.serverIP  0x3ffeff40        0x8 out/build/app_app.a(application.o)
                0x3ffeff40                serverIP
 .bss.catraca   0x3ffeff48       0x10 out/build/app_app.a(application.o)
                0x3ffeff48                catraca
 .bss._ZL5ESP01
                0x3ffeff58       0x30 out/build/app_app.a(application.o)
 .bss._ZL11INADDR_NONE
                0x3ffeff88        0x8 out/build/app_app.a(application.o)
 .bss._ZL11INADDR_NONE
                0x3ffeff90        0x8 c:/tools/sming/Sming/compiler/lib/\libsming.a(Clock.o)
 .bss.Debug     0x3ffeff98       0x14 c:/tools/sming/Sming/compiler/lib/\libsming.a(Debug.o)
                0x3ffeff98                Debug
 .bss._ZL11INADDR_NONE
                0x3ffeffac        0x8 c:/tools/sming/Sming/compiler/lib/\libsming.a(Debug.o)
 .bss.Serial    0x3ffeffb4       0x18 c:/tools/sming/Sming/compiler/lib/\libsming.a(HardwareSerial.o)
                0x3ffeffb4                Serial
 .bss._ZN14HardwareSerial10memberDataE
                0x3ffeffcc       0x18 c:/tools/sming/Sming/compiler/lib/\libsming.a(HardwareSerial.o)
                0x3ffeffcc                HardwareSerial::memberData
 .bss._ZL11INADDR_NONE
                0x3ffeffe4        0x8 c:/tools/sming/Sming/compiler/lib/\libsming.a(HardwareSerial.o)
 .bss._ZL11INADDR_NONE
                0x3ffeffec        0x8 c:/tools/sming/Sming/compiler/lib/\libsming.a(TcpClient.o)
 .bss._ZL11INADDR_NONE
                0x3ffefff4        0x8 c:/tools/sming/Sming/compiler/lib/\libsming.a(TcpConnection.o)
 .bss._ZN9TcpServer16totalConnectionsE
                0x3ffefffc        0x2 c:/tools/sming/Sming/compiler/lib/\libsming.a(TcpServer.o)
                0x3ffefffc                TcpServer::totalConnections
 *fill*         0x3ffefffe        0x2 
 .bss._ZL11INADDR_NONE
                0x3fff0000        0x8 c:/tools/sming/Sming/compiler/lib/\libsming.a(TcpServer.o)
 .bss.WifiAccessPoint
                0x3fff0008        0x8 c:/tools/sming/Sming/compiler/lib/\libsming.a(AccessPoint.o)
                0x3fff0008                WifiAccessPoint
 .bss._ZL5ESP01
                0x3fff0010       0x30 c:/tools/sming/Sming/compiler/lib/\libsming.a(AccessPoint.o)
 .bss._ZL11INADDR_NONE
                0x3fff0040        0x8 c:/tools/sming/Sming/compiler/lib/\libsming.a(AccessPoint.o)
 .bss.WifiStation
                0x3fff0048       0x24 c:/tools/sming/Sming/compiler/lib/\libsming.a(Station.o)
                0x3fff0048                WifiStation
 .bss._ZL5ESP01
                0x3fff006c       0x30 c:/tools/sming/Sming/compiler/lib/\libsming.a(Station.o)
 .bss._ZL11INADDR_NONE
                0x3fff009c        0x8 c:/tools/sming/Sming/compiler/lib/\libsming.a(Station.o)
 .bss.WDT       0x3fff00a4        0x8 c:/tools/sming/Sming/compiler/lib/\libsming.a(WDT.o)
                0x3fff00a4                WDT
 .bss._ZN11ArduinoJson10JsonObject8_invalidE
                0x3fff00ac        0x8 c:/tools/sming/Sming/compiler/lib/\libsming.a(ArduinoJson.o)
                0x3fff00ac                ArduinoJson::JsonObject::_invalid
 .bss._ZN11ArduinoJson9JsonArray8_invalidE
                0x3fff00b4        0x8 c:/tools/sming/Sming/compiler/lib/\libsming.a(ArduinoJson.o)
                0x3fff00b4                ArduinoJson::JsonArray::_invalid
 .bss._ZL11INADDR_NONE
                0x3fff00bc        0x8 c:/tools/sming/Sming/compiler/lib/\libsming.a(CommandDelegate.o)
 .bss._ZL11INADDR_NONE
                0x3fff00c4        0x8 c:/tools/sming/Sming/compiler/lib/\libsming.a(CommandExecutor.o)
 .bss.commandHandler
                0x3fff00cc       0x1c c:/tools/sming/Sming/compiler/lib/\libsming.a(CommandHandler.o)
                0x3fff00cc                commandHandler
 .bss._ZL11INADDR_NONE
                0x3fff00e8        0x8 c:/tools/sming/Sming/compiler/lib/\libsming.a(CommandHandler.o)
 .bss._ZL11INADDR_NONE
                0x3fff00f0        0x8 c:/tools/sming/Sming/compiler/lib/\libsming.a(CommandOutput.o)
 .bss._ZL11INADDR_NONE
                0x3fff00f8        0x8 c:/tools/sming/Sming/compiler/lib/\libsming.a(DataSourceStream.o)
 .bss.SystemClock
                0x3fff0100       0x18 c:/tools/sming/Sming/compiler/lib/\libsming.a(SystemClock.o)
                0x3fff0100                SystemClock
 .bss._ZL11INADDR_NONE
                0x3fff0118        0x8 c:/tools/sming/Sming/compiler/lib/\libsming.a(SystemClock.o)
 .bss._ZL11INADDR_NONE
                0x3fff0120        0x8 c:/tools/sming/Sming/compiler/lib/\libsming.a(WebSocket.o)
 .bss.RTC       0x3fff0128        0x1 c:/tools/sming/Sming/compiler/lib/\libsming.a(RTC.o)
                0x3fff0128                RTC
 *fill*         0x3fff0129        0x3 
 .bss._ZL5ESP01
                0x3fff012c       0x30 c:/tools/sming/Sming/compiler/lib/\libsming.a(DateTime.o)
 .bss._ZL11INADDR_NONE
                0x3fff015c        0x8 c:/tools/sming/Sming/compiler/lib/\libsming.a(DateTime.o)
 .bss._ZL11INADDR_NONE
                0x3fff0164        0x8 c:/tools/sming/Sming/compiler/lib/\libsming.a(HttpRequest.o)
 .bss._ZL11INADDR_NONE
                0x3fff016c        0x8 c:/tools/sming/Sming/compiler/lib/\libsming.a(HttpResponse.o)
 .bss._ZL11INADDR_NONE
                0x3fff0174        0x8 c:/tools/sming/Sming/compiler/lib/\libsming.a(HttpServer.o)
 .bss._ZL11INADDR_NONE
                0x3fff017c        0x8 c:/tools/sming/Sming/compiler/lib/\libsming.a(HttpServerConnection.o)
 *(.gnu.linkonce.b.*)
 *(COMMON)
                0x3fff0188                . = ALIGN (0x8)
 *fill*         0x3fff0184        0x4 
                0x3fff0188                _bss_end = ABSOLUTE (.)
                0x3fff0188                _heap_start = ABSOLUTE (.)

.irom0.text     0x40209000    0x34ec2
                0x40209000                _irom0_text_start = ABSOLUTE (.)
 *(.irom0.literal .irom.literal .irom.text.literal .irom0.text .irom.text)
 .irom0.text    0x40209000      0xa1d c:/Espressif/ESP8266_SDK/lib\libmain.a(app_main.o)
                                0xc31 (size before relaxing)
                0x402091e8                wdt_init
                0x40209290                user_uart_wait_tx_fifo_empty
                0x40209544                user_rf_pre_init
 *fill*         0x40209a1d        0x3 
 .irom0.text    0x40209a20      0x186 c:/Espressif/ESP8266_SDK/lib\libmain.a(ets_timer.o)
                                0x1b2 (size before relaxing)
                0x40209a28                ets_timer_done
                0x40209a74                ets_timer_handler_isr
                0x40209b44                ets_timer_init
 *fill*         0x40209ba6        0x2 
 .irom0.text    0x40209ba8       0xec c:/Espressif/ESP8266_SDK/lib\libmain.a(mem_manager.o)
                                 0xf8 (size before relaxing)
                0x40209ba8                check_memleak_debug_enable
                0x40209c14                xPortGetFreeHeapSize
                0x40209c1c                vPortInitialiseBlocks
 .irom0.text    0x40209c94     0x3429 c:/Espressif/ESP8266_SDK/lib\libmain.a(user_interface.o)
                               0x3e31 (size before relaxing)
                0x40209c98                system_set_os_print
                0x40209ca8                system_get_os_print
                0x40209e70                system_pp_recycle_rx_pkt
                0x40209e84                system_adc_read
                0x40209e9c                system_get_vdd33
                0x40209eb4                system_restart_hook
                0x40209ecc                system_restart_local
                0x40209fac                system_restart
                0x4020a008                system_restore
                0x4020a070                system_get_flash_size_map
                0x4020a090                system_get_boot_version
                0x4020a0c8                system_get_test_result
                0x4020a0f0                system_get_userbin_addr
                0x4020a188                system_get_boot_mode
                0x4020a1b8                system_restart_enhance
                0x4020a2e8                system_upgrade_userbin_set
                0x4020a334                system_upgrade_userbin_check
                0x4020a374                system_upgrade_flag_set
                0x4020a388                system_upgrade_flag_check
                0x4020a3b0                system_upgrade_reboot
                0x4020a4e4                system_deep_sleep_instant
                0x4020a67c                system_deep_sleep
                0x4020a6dc                system_deep_sleep_set_option
                0x4020a6f8                system_phy_temperature_alert
                0x4020a70c                system_phy_set_max_tpw
                0x4020a720                system_phy_set_tpw_via_vdd33
                0x4020a734                system_phy_set_rfoption
                0x4020a748                system_phy_set_powerup_option
                0x4020a760                system_update_cpu_freq
                0x4020a7bc                system_get_cpu_freq
                0x4020a7d4                system_overclock
                0x4020a800                system_restoreclock
                0x4020a830                system_timer_reinit
                0x4020a848                system_relative_time
                0x4020a86c                system_station_got_ip_set
                0x4020a998                system_print_meminfo
                0x4020a9f8                system_get_free_heap_size
                0x4020aa10                system_get_chip_id
                0x4020aa34                system_rtc_clock_cali_proc
                0x4020aa48                system_get_rtc_time
                0x4020aa5c                system_mktime
                0x4020ab2c                system_init_done_cb
                0x4020ab34                system_get_rst_info
                0x4020ab3c                system_get_data_of_array_8
                0x4020ab60                system_get_data_of_array_16
                0x4020ab88                system_get_string_from_flash
                0x4020abf4                wifi_softap_dhcps_start
                0x4020ac3c                wifi_softap_dhcps_stop
                0x4020ac7c                wifi_softap_dhcps_status
                0x4020ac84                wifi_station_dhcpc_start
                0x4020acdc                wifi_station_dhcpc_stop
                0x4020ad1c                wifi_station_dhcpc_event
                0x4020ad90                wifi_station_dhcpc_set_maxtry
                0x4020ada0                wifi_station_dhcpc_status
                0x4020ae18                wifi_get_opmode
                0x4020ae2c                wifi_get_opmode_default
                0x4020aea8                wifi_get_broadcast_if
                0x4020aee4                wifi_set_broadcast_if
                0x4020b044                wifi_set_opmode
                0x4020b058                wifi_set_opmode_current
                0x4020b06c                system_get_checksum
                0x4020b0ac                wifi_param_save_protect_with_check
                0x4020b140                system_param_save_with_protect
                0x4020b1e8                system_save_sys_param
                0x4020b214                system_param_load
                0x4020b34c                wifi_station_get_config
                0x4020b360                wifi_station_get_config_default
                0x4020b380                wifi_station_get_ap_info
                0x4020b438                wifi_station_ap_number_set
                0x4020b79c                wifi_station_set_config
                0x4020b7b4                wifi_station_set_config_current
                0x4020b7cc                wifi_station_restore_config
                0x4020b7e4                wifi_station_get_current_ap_id
                0x4020b7f8                wifi_station_ap_check
                0x4020b840                wifi_station_ap_change
                0x4020b96c                wifi_station_scan
                0x4020b9b8                wifi_station_get_auto_connect
                0x4020b9cc                wifi_station_set_auto_connect
                0x4020ba1c                wifi_station_save_pmk2cache
                0x4020bad0                wifi_station_connect
                0x4020bb64                wifi_station_disconnect
                0x4020bc24                wifi_station_get_connect_status
                0x4020bc54                wifi_station_set_reconnect_policy
                0x4020bc6c                wifi_station_get_reconnect_policy
                0x4020bc74                wifi_station_get_rssi
                0x4020bcc4                wifi_station_set_default_hostname
                0x4020bd2c                wifi_station_get_hostname
                0x4020bd5c                wifi_station_set_hostname
                0x4020bdfc                wifi_softap_cacl_mac
                0x4020be6c                wifi_softap_set_default_ssid
                0x4020c04c                wifi_softap_get_config
                0x4020c060                wifi_softap_get_config_default
                0x4020c3b4                wifi_softap_set_config
                0x4020c3c8                wifi_softap_set_config_current
                0x4020c3dc                wifi_softap_set_station_info
                0x4020c448                wifi_softap_get_station_info
                0x4020c4f8                wifi_softap_free_station_info
                0x4020c540                wifi_softap_get_station_num
                0x4020c594                wifi_softap_deauth
                0x4020c644                wifi_softap_get_beacon_only_mode
                0x4020c658                wifi_softap_set_beacon_only_mode
                0x4020c6bc                wifi_register_user_ie_manufacturer_recv_cb
                0x4020c6d0                wifi_unregister_user_ie_manufacturer_recv_cb
                0x4020c704                wifi_set_user_ie
                0x4020c814                wifi_get_user_ie
                0x4020c848                wifi_get_phy_mode
                0x4020c850                wifi_set_phy_mode
                0x4020c918                wifi_set_sleep_type
                0x4020c934                wifi_get_sleep_type
                0x4020c94c                wifi_get_channel
                0x4020c964                wifi_set_channel
                0x4020c9a8                wifi_promiscuous_set_mac
                0x4020ca08                wifi_promiscuous_enable
                0x4020caec                wifi_set_promiscuous_rx_cb
                0x4020cafc                wifi_get_ip_info
                0x4020cb7c                wifi_set_ip_info
                0x4020cbf0                wifi_get_macaddr
                0x4020cc50                wifi_set_macaddr
                0x4020cd6c                wifi_enable_6m_rate
                0x4020cd74                wifi_get_user_fixed_rate
                0x4020cd94                wifi_set_user_fixed_rate
                0x4020cdb4                wifi_set_user_sup_rate
                0x4020cdf0                wifi_set_user_rate_limit
                0x4020ce14                wifi_get_user_limit_rate_mask
                0x4020ce1c                wifi_set_user_limit_rate_mask
                0x4020ce34                wifi_register_send_pkt_freedom_cb
                0x4020ce48                wifi_unregister_send_pkt_freedom_cb
                0x4020ce54                wifi_send_pkt_freedom
                0x4020cea0                wifi_rfid_locp_recv_open
                0x4020ceb4                wifi_rfid_locp_recv_close
                0x4020cec8                wifi_register_rfid_locp_recv_cb
                0x4020cedc                wifi_unregister_rfid_locp_recv_cb
                0x4020cef4                wifi_status_led_install
                0x4020cf28                wifi_status_led_uninstall
                0x4020cf4c                wifi_set_status_led_output_level
                0x4020cfa0                wifi_set_event_handler_cb
                0x4020cfe8                system_os_task
                0x4020d024                system_uart_swap
                0x4020d084                system_uart_de_swap
                0x4020d0b8                system_get_sdk_version
 *fill*         0x4020d0bd        0x3 
 .irom0.text    0x4020d0c0      0x610 c:/Espressif/ESP8266_SDK/lib\libmain.a(eagle_lib.o)
                                0x620 (size before relaxing)
                0x4020d0c4                divide
                0x4020d100                skip_atoi
                0x4020d280                ets_vsnprintf
                0x4020d5e0                ets_vsprintf
                0x4020d604                ets_sprintf
                0x4020d62c                ets_strcat
                0x4020d64c                ets_strrchr
                0x4020d678                ets_strchr
                0x4020d690                bit_popcount
                0x4020d6ac                ets_snprintf
 .irom0.text    0x4020d6d0      0x2f6 c:/Espressif/ESP8266_SDK/lib\libmain.a(eagle_lwip_if.o)
                                0x3b2 (size before relaxing)
                0x4020d788                eagle_lwip_if_alloc
                0x4020d938                eagle_lwip_if_free
                0x4020d9a4                eagle_lwip_getif
 *fill*         0x4020d9c6        0x2 
 .irom0.literal
                0x4020d9c8        0x0 c:/tools/sming/Sming/compiler/lib/\libmicroc.a(strchr.o)
                                  0x4 (size before relaxing)
 .irom0.literal
                0x4020d9c8        0xc c:/tools/sming/Sming/compiler/lib/\libmicroc.a(strchrnul.o)
 .irom0.literal
                0x4020d9d4        0x4 c:/tools/sming/Sming/compiler/lib/\libmicroc.a(malloc.o)
                                 0x14 (size before relaxing)
 .irom0.literal
                0x4020d9d8        0x4 c:/tools/sming/Sming/compiler/lib/\libmicroc.a(abort.o)
                                  0x8 (size before relaxing)
 .irom0.literal
                0x4020d9dc        0x0 c:/tools/sming/Sming/compiler/lib/\libmicroc.a(shgetc.o)
                                  0x4 (size before relaxing)
 .irom0.literal
                0x4020d9dc        0x0 c:/tools/sming/Sming/compiler/lib/\libmicroc.a(__uflow.o)
                                  0x4 (size before relaxing)
 .irom0.literal
                0x4020d9dc        0x0 c:/tools/sming/Sming/compiler/lib/\libmicroc.a(__toread.o)
                                  0x4 (size before relaxing)
 .irom0.literal
                0x4020d9dc        0x4 c:/tools/sming/Sming/compiler/lib/\libmicroc.a(__errno_location.o)
 .irom0.literal
                0x4020d9e0        0x0 c:/tools/sming/Sming/compiler/lib/\libmicroc.a(sprintf.o)
                                  0x4 (size before relaxing)
 .irom0.literal
                0x4020d9e0        0x0 c:/tools/sming/Sming/compiler/lib/\libmicroc.a(vsprintf.o)
                                  0x4 (size before relaxing)
 .irom0.literal
                0x4020d9e0       0x10 c:/tools/sming/Sming/compiler/lib/\libmicroc.a(strtol.o)
                                 0x2c (size before relaxing)
 .irom0.literal
                0x4020d9f0       0x2c c:/tools/sming/Sming/compiler/lib/\libmicroc.a(intscan.o)
                                 0x84 (size before relaxing)
 .irom0.literal
                0x4020da1c        0x8 c:/tools/sming/Sming/compiler/lib/\libmicrogcc.a(_divsf3.o)
                                 0x10 (size before relaxing)
 .irom0.text    0x4020da24       0x25 c:/tools/sming/Sming/compiler/lib/\libmicroc.a(strchr.o)
                                 0x29 (size before relaxing)
                0x4020da24                strchr
 *fill*         0x4020da49        0x3 
 .irom0.text    0x4020da4c       0x75 c:/tools/sming/Sming/compiler/lib/\libmicroc.a(strchrnul.o)
                0x4020da4c                strchrnul
                0x4020da4c                __strchrnul
 *fill*         0x4020dac1        0x3 
 .irom0.text    0x4020dac4       0x65 c:/tools/sming/Sming/compiler/lib/\libmicroc.a(malloc.o)
                0x4020dac4                malloc
                0x4020dad8                free
                0x4020daec                realloc
                0x4020db00                zalloc
                0x4020db14                calloc
 *fill*         0x4020db29        0x3 
 .irom0.text    0x4020db2c       0x11 c:/tools/sming/Sming/compiler/lib/\libmicroc.a(abort.o)
                0x4020db2c                abort
 *fill*         0x4020db3d        0x3 
 .irom0.text    0x4020db40       0x95 c:/tools/sming/Sming/compiler/lib/\libmicroc.a(shgetc.o)
                0x4020db40                __shlim
                0x4020db60                __shgetc
 *fill*         0x4020dbd5        0x3 
 .irom0.text    0x4020dbd8       0x39 c:/tools/sming/Sming/compiler/lib/\libmicroc.a(__uflow.o)
                0x4020dbd8                __uflow
 *fill*         0x4020dc11        0x3 
 .irom0.text    0x4020dc14       0x67 c:/tools/sming/Sming/compiler/lib/\libmicroc.a(__toread.o)
                                 0x6b (size before relaxing)
                0x4020dc14                __toread
                0x4020dc6c                __toread_needs_stdio_exit
 *fill*         0x4020dc7b        0x1 
 .irom0.text    0x4020dc7c        0x5 c:/tools/sming/Sming/compiler/lib/\libmicroc.a(__errno_location.o)
                0x4020dc7c                __errno_location
 *fill*         0x4020dc81        0x3 
 .irom0.text    0x4020dc84       0xfa c:/Espressif/ESP8266_SDK/lib\libphy.a(phy.o)
                                0x11e (size before relaxing)
                0x4020dc88                rf_init
                0x4020dca4                bb_init
                0x4020dcbc                phy_init
                0x4020dcec                RFChannelSel
                0x4020dd08                phy_delete_channel
                0x4020dd20                phy_enable_agc
                0x4020dd38                phy_disable_agc
                0x4020dd50                phy_initialize_bb
                0x4020dd68                phy_set_sense
 *fill*         0x4020dd7e        0x2 
 .irom0.text    0x4020dd80     0x16f7 c:/Espressif/ESP8266_SDK/lib\libphy.a(phy_chip_v6_ana.o)
                               0x18e3 (size before relaxing)
                0x4020dd84                ram_pbus_set_rxgain
                0x4020de5c                ram_pbus_debugmode
                0x4020df10                ram_pbus_xpd_tx_on
                0x4020df7c                set_rf_freq_offset
                0x4020dff0                chip_v6_rxmax_ext_ana
                0x4020e144                ram_chip_v6_rx_init
                0x4020e178                tsen_meas
                0x4020e228                readvdd33
                0x4020e3f4                txpwr_offset
                0x4020e4b0                set_txcap_reg
                0x4020e530                ram_ana_inf_gating_en
                0x4020e690                ram_restart_cal
                0x4020e6fc                wait_rfpll_cal_end
                0x4020e790                ram_rfpll_set_freq
                0x4020e89c                ram_set_channel_freq
                0x4020eb9c                chip_60_set_channel
                0x4020ed2c                chip_v6_set_chan_offset
                0x4020ed68                chip_v6_set_chan
                0x4020edfc                chip_v6_set_chan_wakeup
                0x4020ee80                chip_v6_rf_init
                0x4020f0a4                low_power_set
                0x4020f0f8                test_tout
                0x4020f270                check_data_flag
                0x4020f290                phy_get_check_flag
                0x4020f3c4                phy_get_vdd33
 *fill*         0x4020f477        0x1 
 .irom0.text    0x4020f478     0x3c2b c:/Espressif/ESP8266_SDK/lib\libphy.a(phy_chip_v6.o)
                               0x4293 (size before relaxing)
                0x4020f478                ram_tx_mac_enable
                0x4020f47c                ram_tx_mac_disable
                0x4020f480                rtc_mem_backup
                0x4020f4b0                rtc_mem_recovery
                0x4020f4e0                set_cal_rxdc
                0x4020f594                set_rx_gain_cal_iq
                0x4020f8f0                gen_rx_gain_table
                0x4020fa48                pbus_set_rxbbgain
                0x4020fac8                set_rx_gain_testchip_50
                0x4020fdfc                ram_get_corr_power
                0x4020feec                check_data_func
                0x4020ff0c                do_noisefloor_lsleep_v50
                0x4020ff40                do_noisefloor
                0x4020ffb0                start_dig_rx
                0x4020fff4                stop_dig_rx
                0x40210020                chip_v6_set_chanfreq
                0x4021004c                tx_cap_init
                0x40210200                target_power_add_backoff
                0x40210250                tx_pwctrl_init_cal
                0x402103b8                tx_atten_set_interp
                0x40210628                tx_pwctrl_init
                0x4021071c                ram_get_noisefloor
                0x40210738                get_noisefloor_sat
                0x40210768                ram_set_noise_floor
                0x402107c4                ram_start_noisefloor
                0x40210810                read_hw_noisefloor
                0x4021083c                noise_check_loop
                0x40210998                noise_init
                0x40210b98                target_power_backoff
                0x40210bec                sdt_on_noise_start
                0x40210c6c                chip_v6_set_chan_rx_cmp
                0x40210df8                chip_v6_set_chan_misc
                0x40210e8c                phy_dig_spur_set
                0x402111e4                phy_dig_spur_prot
                0x4021141c                chip_v6_rxmax_ext_dig
                0x40211468                chip_v6_rxmax_ext
                0x40211518                phy_bb_rx_cfg
                0x40211920                uart_wait_idle
                0x40211958                phy_pbus_soc_cfg
                0x40211a18                phy_gpio_cfg
                0x40211d60                tx_cont_en
                0x40211e04                tx_cont_dis
                0x40211e58                tx_cont_cfg
                0x40211e78                chip_v6_initialize_bb
                0x40211fe0                periodic_cal
                0x402120c0                bbpll_cal
                0x40212158                periodic_cal_top
                0x402121b8                register_chipv6_phy_init_param
                0x4021245c                change_bbpll160_sleep
                0x40212588                change_bbpll160
                0x402125c0                set_crystal_uart
                0x40212658                ant_switch_init
                0x40212704                reduce_current_init
                0x4021276c                rtc_mem_check
                0x402127a8                phy_afterwake_set_rfoption
                0x402127c8                deep_sleep_set_option
                0x402127f4                write_data_to_rtc
                0x4021282c                get_data_from_rtc
                0x402128b4                register_chipv6_phy
                0x40212cc4                set_dpd_bypass
                0x40212cec                set_rf_gain_stage10
                0x40212d1c                get_vdd33_offset
                0x40212d90                get_phy_target_power
                0x40212e44                set_most_pwr_reg
                0x40212f18                phy_set_most_tpw
                0x40212f38                phy_vdd33_set_tpw
                0x40212f50                get_adc_rand
                0x40212f84                phy_get_rand
                0x40212f9c                phy_tx_pwctrl_cali
                0x40212fc4                phy_check_data_table
                0x40213000                phy_after_init_enrx
                0x40213064                phy_set_rx11b_reg
                0x40213098                phy_set_powerup_option
 *fill*         0x402130a3        0x1 
 .irom0.text    0x402130a4     0x21ac c:/Espressif/ESP8266_SDK/lib\libphy.a(phy_chip_v6_cal.o)
                               0x23ec (size before relaxing)
                0x402130a4                txbbgain2dcoindex
                0x402130c4                dcoindex2txbbgain
                0x402130e8                init_cal_dcoffset
                0x402131ac                set_rfanagain_dc_reg
                0x40213248                set_txdc_pbus
                0x402132b4                get_rf_gain_qdb
                0x402132dc                correct_rf_ana_gain
                0x402133e4                get_sar_dout
                0x4021347c                cal_rf_ana_gain
                0x40213554                meas_tone_pwr_db
                0x402135c4                tx_pwr_backoff
                0x40213710                get_fcc_1m2m_pwr_offset
                0x4021374c                ram_set_txbb_atten
                0x402137e0                txiq_get_mis_pwr
                0x40213884                txiq_cover
                0x40213aa0                ram_rfcal_txiq
                0x40213d10                rc_cal
                0x40213ed0                get_target_power_offset
                0x40213fd8                get_pwctrl_correct
                0x40214034                tx_pwctrl_cal
                0x402143c4                tx_pwctrl_bg_init
                0x4021443c                tx_pwctrl_background
                0x40214514                read_sar_dout
                0x40214578                ram_get_fm_sar_dout
                0x4021461c                ram_cal_tos_v60
                0x402147fc                ram_get_bb_atten
                0x4021482c                ram_rfcal_txcap
                0x402149f0                ram_rfcal_pwrctrl
                0x40214c0c                ram_rxiq_get_mis
                0x40214ddc                ram_rxiq_cover_mg_mp
                0x40214f80                ram_rfcal_rxiq
                0x4021518c                dpd_scale_set
                0x402151d4                dpd_mem_write
 .irom0.text    0x40215250      0xd7e c:/Espressif/ESP8266_SDK/lib\libphy.a(phy_sleep.o)
                                0xfaa (size before relaxing)
                0x40215250                pm_usec2rtc
                0x40215284                pm_rtc2usec
                0x40215294                pm_set_sleep_cycles
                0x402152bc                pm_sleep_opt
                0x402153d4                pm_wakeup_opt
                0x4021540c                get_chip_version
                0x4021544c                pm_sleep_opt_bb_off
                0x4021548c                pm_sleep_opt_bb_on
                0x402154d8                pm_set_pll_xtal_wait_time
                0x40215520                pm_prepare_to_sleep
                0x40215544                pm_sdio_nidle
                0x402155b8                chg_lslp_mem_opt_8266
                0x402155e8                pm_goto_sleep
                0x40215734                pm_wait4wakeup
                0x40215770                pm_open_rf
                0x402157b0                pm_sleep_set_mac
                0x40215834                pm_set_wakeup_mac
                0x402158d0                pm_check_mac_idle
                0x40215928                pm_set_sleep_btco
                0x402159c8                pm_set_wakeup_btco
                0x40215ae0                pm_set_sleep_mode
                0x40215bfc                pm_unmask_bt
                0x40215c64                pm_wakeup_init
                0x40215e74                sleep_opt_8266
                0x40215e94                sleep_opt_bb_on_8266
                0x40215ecc                sleep_reset_analog_rtcreg_8266
 *fill*         0x40215fce        0x2 
 .irom0.text    0x40215fd0      0x469 c:/Espressif/ESP8266_SDK/lib\libpp.a(if_hwctrl.o)
                                0x581 (size before relaxing)
                0x40215ff0                ic_get_addr
                0x40215ffc                ic_set_opmode
                0x40216010                ic_enable_interface
                0x40216060                ic_interface_enabled
                0x40216074                ic_disable_interface
                0x402160bc                ic_is_pure_sta
                0x402160d8                ic_get_ptk_alg
                0x402160e8                ic_get_gtk_alg
                0x402160f8                ic_set_ptk_alg
                0x40216108                ic_set_gtk_alg
                0x40216118                ic_interface_is_p2p
                0x402161b0                ic_set_vif
                0x40216270                ic_set_sta
                0x40216348                ic_bss_info_update
                0x402163a4                ic_set_key
                0x40216400                ic_remove_key
                0x40216414                ic_get_rssi
 *fill*         0x40216439        0x3 
 .irom0.text    0x4021643c      0x100 c:/Espressif/ESP8266_SDK/lib\libpp.a(lmac.o)
                                0x118 (size before relaxing)
                0x40216440                lmacInitAc
                0x40216474                lmacInit
                0x40216520                lmacSetRetryLimit
 .irom0.text    0x4021653c     0x1859 c:/Espressif/ESP8266_SDK/lib\libpp.a(pm.o)
                               0x1d41 (size before relaxing)
                0x40216544                pm_rtc_clock_cali_proc
                0x4021657c                pm_get_ck170_period
                0x402165a0                pm_set_sleep_time
                0x40216904                pm_rf_is_closed
                0x40216934                pm_set_sleep_type_from_upper
                0x40216a24                pm_get_sleep_type
                0x40216ba8                uart_tx_flush
                0x40216bac                pm_suspend
                0x40216dcc                pm_shutdown
                0x40216e94                pm_reset_idle_sleep
                0x40216ed4                pm_idle_sleep
                0x40216ee0                pm_open
                0x40216fa8                pm_onBcnRx
                0x40217310                StopLightSleepSetFunc
                0x40217318                LightSleepWakedCbSetFunc
                0x40217814                pm_enable_gpio_wakeup
                0x4021784c                pm_attach
                0x40217940                pm_send_nullfunc
                0x40217acc                pm_is_waked
                0x40217ae4                pm_is_open
                0x40217afc                pm_scan_lock
                0x40217b24                pm_try_scan_unlock
                0x40217b3c                pm_force_scan_unlock
                0x40217bb8                pm_scan_unlocked
                0x40217bcc                pm_allow_tx
                0x40217be8                pm_assoc_parse
                0x40217c00                pm_set_addr
                0x40217c20                pm_sleep_for
                0x40217c50                pm_post
                0x40217d54                pm_get_idle_wait_time
 *fill*         0x40217d95        0x3 
 .irom0.text    0x40217d98      0xa91 c:/Espressif/ESP8266_SDK/lib\libpp.a(pm_for_bcn_only_mode.o)
                                0xe21 (size before relaxing)
                0x40217dac                wifi_fpm_set_sleep_type
                0x40217dac                fpm_set_type_from_upper
                0x40217e68                fpm_get_slp_type
                0x40217e68                wifi_fpm_get_sleep_type
                0x40217e70                fpm_rf_is_closed
                0x40217e84                fpm_is_open
                0x40217e90                fpm_allow_tx
                0x40217eb4                fpm_close
                0x40217eb4                wifi_fpm_close
                0x40217f30                fpm_open
                0x40217f30                wifi_fpm_open
                0x40217f98                fpm_attach
                0x4021817c                fpm_set_wakeup_cb
                0x4021817c                wifi_fpm_set_wakeup_cb
                0x402182ec                fpm_do_wakeup
                0x402182ec                wifi_fpm_do_wakeup
                0x402187b0                fpm_do_sleep
                0x402187b0                wifi_fpm_do_sleep
 *fill*         0x40218829        0x3 
 .irom0.text    0x4021882c     0x15b6 c:/Espressif/ESP8266_SDK/lib\libpp.a(pp.o)
                               0x1996 (size before relaxing)
                0x40218838                PPWdtReset
                0x4021886c                pp_soft_wdt_init
                0x4021888c                system_soft_wdt_feed
                0x4021888c                pp_soft_wdt_feed
                0x402188a8                system_soft_wdt_stop
                0x402188a8                pp_soft_wdt_stop
                0x402188d4                system_soft_wdt_restart
                0x402188d4                pp_soft_wdt_restart
                0x4021890c                RxNodeNum
                0x40218924                TxNodeNum
                0x40218948                pp_disable_noise_timer
                0x40218968                pp_enable_noise_timer
                0x40218a78                pp_noise_test
                0x40218a88                reset_noise_timer
                0x40218ac0                pp_disable_idle_timer
                0x40218ae4                pp_enable_idle_timer
                0x40218b0c                pp_try_enable_idle_timer
                0x40218b48                ppPeocessRxPktHdr
                0x40218e90                HdlAllBuffedEb
                0x40218f18                ppTxPkt
                0x40219080                ppProcessWaitQ
                0x40219090                ppRegisterTxCallback
                0x402190b8                ppUnregisterTxCallback
                0x402190ec                ppRecycleRxPkt
                0x4021914c                ppCheckTxIdle
                0x402193c4                pp_tx_idle_timeout
                0x40219580                DefFreqCalTimerCB
                0x40219900                ppGetTxQFirstAvail_Locked
                0x402199e0                pp_attach
 *fill*         0x40219de2        0x2 
 .irom0.text    0x40219de4      0x296 c:/Espressif/ESP8266_SDK/lib\libpp.a(rate_control.o)
                                0x2a2 (size before relaxing)
                0x4021a030                RC_SetBasicRate
 *fill*         0x4021a07a        0x2 
 .irom0.text    0x4021a07c      0x5e9 c:/Espressif/ESP8266_SDK/lib\libpp.a(trc.o)
                                0x64d (size before relaxing)
                0x4021a07c                phytype2mode
                0x4021a098                rc_set_rate_limit_id
                0x4021a1b4                rcUpdatePhyMode
                0x4021a380                rcAttach
                0x4021a3cc                rcGetTrc
                0x4021a3d4                trc_onDisconnect
                0x4021a3d8                trc_onScanStart
                0x4021a3ec                trc_onScanDone
                0x4021a408                rc_enable_trc
                0x4021a4e0                rc_get_mask
                0x4021a4f4                rc_disable_trc
                0x4021a548                rc_disable_trc_by_interface
                0x4021a564                rc_get_sta_trc
                0x4021a5a8                rc_get_trc
                0x4021a618                rc_get_trc_by_index
                0x4021a638                rc_only_sta_trc
 *fill*         0x4021a665        0x3 
 .irom0.text    0x4021a668      0xaf7 c:/Espressif/ESP8266_SDK/lib\libpp.a(wdev.o)
                                0xc53 (size before relaxing)
                0x4021a674                wDev_Option_Init
                0x4021a768                wDev_Enable_Beacon_Tsf
                0x4021a784                wDev_Disable_Beacon_Tsf
                0x4021a7a0                wDev_Set_Beacon_Int
                0x4021a7a8                wDev_Reset_TBTT
                0x4021a7d8                wDev_Get_Next_TBTT
                0x4021aa54                wDev_Initialize
                0x4021aac4                wDevForceAck6M
                0x4021aae0                wDev_SetMacAddress
                0x4021ab7c                wDev_SetRxPolicy
                0x4021abd0                wDev_SetBssid
                0x4021aca8                wDev_ClearBssid
                0x4021ace0                wDev_Insert_KeyEntry
                0x4021add4                wDev_remove_KeyEntry
                0x4021ae10                wDev_remove_KeyEntry_all_cnx
                0x4021ae60                wDev_Crypto_Conf
                0x4021aefc                wDev_Crypto_Disable
                0x4021af34                wDevEnableRx
                0x4021af5c                wdev_go_sniffer
                0x4021b038                wdev_set_sniffer_addr
                0x4021b090                wdev_exit_sniffer
 *fill*         0x4021b15f        0x1 
 .irom0.text    0x4021b160      0x3e6 c:/Espressif/ESP8266_SDK/lib\libpp.a(esf_buf.o)
                                0x4b2 (size before relaxing)
                0x4021b168                esf_buf_alloc
                0x4021b34c                esf_buf_recycle
                0x4021b48c                esf_buf_setup
 *fill*         0x4021b546        0x2 
 .irom0.text    0x4021b548      0x475 c:/Espressif/ESP8266_SDK/lib\libnet80211.a(ieee80211.o)
                                0x545 (size before relaxing)
                0x4021b5cc                ieee80211_rate_ref_init
                0x4021b5e0                ieee80211_freedom_inside_cb
                0x4021b610                ieee80211_freedom_init
                0x4021b634                ieee80211_user_ie_init
                0x4021b650                ieee80211_ifattach
                0x4021b6b4                ieee80211_mhz2ieee
                0x4021b710                ieee80211_chan2ieee
                0x4021b72c                ieee80211_ieee2mhz
                0x4021b76c                ieee80211_find_channel
                0x4021b798                ieee80211_find_channel_byieee
                0x4021b7e8                wifi_mode_set
 *fill*         0x4021b9bd        0x3 
 .irom0.text    0x4021b9c0       0xcf c:/Espressif/ESP8266_SDK/lib\libnet80211.a(ieee80211_crypto.o)
                                 0xd7 (size before relaxing)
                0x4021b9c0                ieee80211_crypto_attach
                0x4021b9c4                ieee80211_crypto_available
                0x4021b9c8                ieee80211_crypto_setkey
                0x4021b9cc                ieee80211_crypto_encap
                0x4021ba24                ieee80211_crypto_decap
 *fill*         0x4021ba8f        0x1 
 .irom0.text    0x4021ba90       0x4c c:/Espressif/ESP8266_SDK/lib\libnet80211.a(ieee80211_ets.o)
                                 0x50 (size before relaxing)
                0x4021ba94                ieee80211_getmgtframe
 .irom0.text    0x4021badc     0x1a08 c:/Espressif/ESP8266_SDK/lib\libnet80211.a(ieee80211_hostap.o)
                               0x1f77 (size before relaxing)
                0x4021c100                ieee80211_hostap_attach
                0x4021c1fc                hostap_handle_timer
                0x4021c294                hostap_input
                0x4021d1e0                wifi_softap_start
                0x4021d34c                wifi_softap_stop
 *fill*         0x4021d4e4        0x0 
 .irom0.text    0x4021d4e4      0xa82 c:/Espressif/ESP8266_SDK/lib\libnet80211.a(ieee80211_ht.o)
                                0xb4e (size before relaxing)
                0x4021d4f4                ieee80211_ht_attach
                0x4021d548                ieee80211_ht_node_init
                0x4021d588                ieee80211_ht_node_cleanup
                0x4021d5c0                ieee80211_parse_htcap
                0x4021d6a4                ieee80211_ht_updateparams
                0x4021d7b8                ieee80211_setup_htrates
                0x4021d884                ieee80211_setup_basic_htrates
                0x4021dbd0                ieee80211_add_htcap
                0x4021dbec                ieee80211_add_htcap_vendor
                0x4021dd10                ieee80211_add_htinfo
                0x4021dd2c                ieee80211_add_htinfo_vendor
 *fill*         0x4021df66        0x2 
 .irom0.text    0x4021df68      0xa8c c:/Espressif/ESP8266_SDK/lib\libnet80211.a(ieee80211_input.o)
                                0xb1c (size before relaxing)
                0x4021df68                ieee80211_deliver_data
                0x4021dfbc                ieee80211_decap
                0x4021e0c0                ieee80211_setup_rates
                0x4021e130                ieee80211_alloc_challenge
                0x4021e16c                ieee80211_parse_beacon
                0x4021e740                ieee80211_parse_wpa
                0x4021e854                ieee80211_parse_rsn
                0x4021e954                ieee80211_parse_action
                0x4021e9f0                ieee80211_setup_rateset
 .irom0.text    0x4021e9f4      0x2a6 c:/Espressif/ESP8266_SDK/lib\libnet80211.a(ieee80211_mesh_quick.o)
                                0x302 (size before relaxing)
                0x4021ea00                ieee80211_mesh_quick_init
                0x4021ea70                ieee80211_mesh_quick_deinit
                0x4021eaa0                ieee80211_mesh_quick_set
                0x4021eb9c                ieee80211_mesh_quick_get
                0x4021ec68                ieee80211_mesh_quick_ie_add
 *fill*         0x4021ec9a        0x2 
 .irom0.text    0x4021ec9c     0x1c56 c:/Espressif/ESP8266_SDK/lib\libnet80211.a(ieee80211_output.o)
                               0x1ff2 (size before relaxing)
                0x4021eca0                ieee80211_output_pbuf
                0x4021ef14                ieee80211_send_setup
                0x4021f048                ieee80211_mgmt_output
                0x4021f12c                ieee80211_tx_mgt_cb
                0x4021f130                ieee80211_send_nulldata
                0x4021f5a0                ieee80211_add_rates
                0x4021f5f0                ieee80211_add_xrates
                0x4021f6c0                ieee80211_send_probereq
                0x4021f8d4                ieee80211_getcapinfo
                0x4021f930                ieee80211_send_mgmt
                0x4021fed0                ieee80211_alloc_proberesp
                0x402200a8                ieee80211_send_proberesp
                0x402201f4                ieee80211_alloc_deauth
                0x40220234                ieee80211_send_deauth
                0x40220370                ieee80211_freedom_output
                0x4022075c                ieee80211_beacon_alloc
 *fill*         0x402208f2        0x2 
 .irom0.text    0x402208f4       0xe0 c:/Espressif/ESP8266_SDK/lib\libnet80211.a(ieee80211_phy.o)
                                0x108 (size before relaxing)
                0x402208f4                ieee80211_phy_init
                0x40220928                ieee80211_phy_type_get
                0x40220944                ieee80211_setup_ratetable
 .irom0.text    0x402209d4      0x1b6 c:/Espressif/ESP8266_SDK/lib\libnet80211.a(ieee80211_power.o)
                                0x1f2 (size before relaxing)
                0x402209d4                ieee80211_psq_init
                0x402209f4                ieee80211_psq_cleanup
                0x402209fc                ieee80211_set_tim
                0x40220a3c                ieee80211_pwrsave
                0x40220aa4                pwrsave_flushq
                0x40220b54                ieee80211_node_pwrsave
 *fill*         0x40220b8a        0x2 
 .irom0.text    0x40220b8c      0x101 c:/Espressif/ESP8266_SDK/lib\libnet80211.a(ieee80211_proto.o)
                                0x129 (size before relaxing)
                0x40220b90                ieee80211_proto_attach
                0x40220bb8                ieee80211_set_shortslottime
                0x40220bd4                ieee80211_iserp_rateset
                0x40220c08                ieee80211_wme_initparams
                0x40220c0c                ieee80211_wme_updateparams
                0x40220c14                ieee80211_mlme_connect_bss
 *fill*         0x40220c8d        0x3 
 .irom0.text    0x40220c90       0xaa c:/Espressif/ESP8266_SDK/lib\libnet80211.a(ieee80211_rfid.o)
                                 0xd6 (size before relaxing)
                0x40220c90                ieee80211_rfid_locp_recv_open
                0x40220cc8                ieee80211_rfid_locp_recv_close
                0x40220ce0                ieee80211_rfid_locp_recv_reset
                0x40220d00                ieee80211_rfid_locp_recv
                0x40220d1c                register_ieee80211_rfid_locp_recv_cb
                0x40220d30                unregister_ieee80211_rfid_locp_recv_cb
 *fill*         0x40220d3a        0x2 
 .irom0.text    0x40220d3c      0xf50 c:/Espressif/ESP8266_SDK/lib\libnet80211.a(ieee80211_scan.o)
                               0x1284 (size before relaxing)
                0x40220d48                ieee80211_scan_attach
                0x40220ddc                scan_start
                0x40220fa0                scan_pm_channel_op_cb
                0x40221140                scan_cancel
                0x4022129c                scan_add_bssid
                0x402212c0                scan_remove_bssid
                0x402212cc                scan_hidden_ssid
                0x402212d4                scan_add_probe_ssid
                0x40221328                scan_remove_probe_ssid
                0x40221464                scan_clear_channles
                0x402214d8                scan_set_desChan
                0x402214e4                scan_get_type
                0x402214ec                cannel_scan_connect_state
                0x40221504                scan_connect_state
                0x4022154c                scan_check_hidden
                0x40221578                scan_profile_check
                0x40221920                scan_parse_beacon
 .irom0.text    0x40221c8c     0x104e c:/Espressif/ESP8266_SDK/lib\libnet80211.a(ieee80211_sta.o)
                               0x12dd (size before relaxing)
                0x40221ce8                sta_status_set
                0x40221d54                ieee80211_sta_new_state
                0x402220cc                sta_input
                0x40222618                ieee80211_parse_wmeparams
                0x40222c30                wifi_station_start
                0x40222ca0                wifi_station_stop
 *fill*         0x40222cda        0x2 
 .irom0.text    0x40222cdc      0x29e c:/Espressif/ESP8266_SDK/lib\libnet80211.a(wl_chm.o)
                                0x31e (size before relaxing)
                0x40222ce8                chm_init
                0x40222d4c                chm_acquire_lock
                0x40222d90                chm_release_lock
                0x40222da4                chm_start_op
                0x40222e48                chm_end_op
                0x40222e90                chm_cancel_op
                0x40222ec4                chm_return_home_channel
                0x40222ef4                chm_set_current_channel
                0x40222f24                chm_freq2index
                0x40222f4c                chm_check_same_channel
 *fill*         0x40222f7a        0x2 
 .irom0.text    0x40222f7c     0x1791 c:/Espressif/ESP8266_SDK/lib\libnet80211.a(wl_cnx.o)
                               0x1cfd (size before relaxing)
                0x40222f88                cnx_attach
                0x40222fc8                cnx_sta_connect_led_timer_cb
                0x4022301c                cnx_sta_connect_cmd
                0x402230d8                cnx_sta_scan_cmd
                0x40223334                cnx_connect_timeout
                0x402233b0                cnx_auth_timeout
                0x402233d4                cnx_assoc_timeout
                0x402233f8                cnx_handshake_timeout
                0x40223438                cnx_start_handoff_cb
                0x40223898                cnx_bss_alloc
                0x40223938                cnx_rc_search
                0x402239b8                cnx_add_rc
                0x40223a24                cnx_remove_all_rc
                0x40223a70                cnx_remove_rc
                0x40223b40                cnx_rc_update_rssi
                0x40223bc8                cnx_rc_update_state_metric
                0x40223c34                cnx_rc_update_age
                0x40223c58                cnx_update_bss
                0x40223c8c                cnx_update_bss_more
                0x40223e68                cnx_sta_leave
                0x402240fc                cnx_sta_associated
                0x40224204                cnx_node_alloc
                0x40224278                cnx_node_remove
                0x40224304                cnx_node_search
                0x40224380                cnx_node_leave
                0x40224480                wifi_softap_staconnected_event_policy
                0x402244a8                wifi_softap_toomany_deny
                0x402244e0                cnx_node_join
 *fill*         0x4022470d        0x3 
 .irom0.text    0x40224710      0x16f c:/Espressif/ESP8266_SDK/lib\libnet80211.a(ieee80211_action.o)
                                0x193 (size before relaxing)
                0x40224720                ieee80211_send_action_register
                0x40224754                ieee80211_send_action_unregister
                0x40224768                ieee80211_send_action
                0x402247d4                ieee80211_recv_action_register
                0x40224808                ieee80211_recv_action_unregister
                0x4022481c                ieee80211_recv_action
 *fill*         0x4022487f        0x1 
 .irom0.text    0x40224880      0x479 c:/Espressif/ESP8266_SDK/lib\libnet80211.a(ieee80211_action_vendor.o)
                                0x505 (size before relaxing)
                0x40224884                get_iav_key
                0x402248a4                register_ieee80211_action_vendor_get_key_cb
                0x402248b8                unregister_ieee80211_action_vendor_get_key_cb
                0x402248cc                ieee80211_add_action_vendor_spec_esp
                0x40224914                ieee80211_alloc_action_vendor_spec
                0x40224a00                ieee80211_send_action_vendor_spec
                0x40224b94                ieee80211_recv_action_vendor_spec
                0x40224c9c                ieee80211_action_vendor_spec_attach
                0x40224cdc                register_ieee80211_action_vendor_spec_cb
                0x40224cf0                unregister_ieee80211_action_vendor_spec_cb